/root/OpenROAD-flow-scripts/flow/scripts/synth.sh /root/OpenROAD-flow-scripts/flow/scripts/synth.tcl ./logs/sky130hd/conv5x5_pe/base/1_2_yosys.log
Using ABC speed script.
Extracting clock period from SDC file: ./results/sky130hd/conv5x5_pe/base/clock_period.txt
Setting clock period to 10.000
1. Executing RTLIL frontend.
2. Executing HIERARCHY pass (managing design hierarchy).
2.1. Analyzing design hierarchy..
2.2. Analyzing design hierarchy..
3. Executing SYNTH pass.
3.1. Executing HIERARCHY pass (managing design hierarchy).
3.1.1. Analyzing design hierarchy..
3.1.2. Analyzing design hierarchy..
3.2. Executing PROC pass (convert processes to netlists).
3.2.1. Executing PROC_CLEAN pass (remove empty switches from decision trees).
3.2.2. Executing PROC_RMDEAD pass (remove dead branches from decision trees).
3.2.3. Executing PROC_PRUNE pass (remove redundant assignments in processes).
3.2.4. Executing PROC_INIT pass (extract init attributes).
3.2.5. Executing PROC_ARST pass (detect async resets in processes).
3.2.6. Executing PROC_ROM pass (convert switches to ROMs).
3.2.7. Executing PROC_MUX pass (convert decision trees to multiplexers).
3.2.8. Executing PROC_DLATCH pass (convert process syncs to latches).
3.2.9. Executing PROC_DFF pass (convert process syncs to FFs).
3.2.10. Executing PROC_MEMWR pass (convert process memory writes to cells).
3.2.11. Executing PROC_CLEAN pass (remove empty switches from decision trees).
3.2.12. Executing OPT_EXPR pass (perform const folding).
3.3. Executing FLATTEN pass (flatten design).
3.4. Executing OPT_EXPR pass (perform const folding).
3.5. Executing OPT_CLEAN pass (remove unused cells and wires).
3.6. Executing CHECK pass (checking for obvious problems).
3.7. Executing OPT pass (performing simple optimizations).
3.7.1. Executing OPT_EXPR pass (perform const folding).
3.7.2. Executing OPT_MERGE pass (detect identical cells).
3.7.3. Executing OPT_MUXTREE pass (detect dead branches in mux trees).
3.7.4. Executing OPT_REDUCE pass (consolidate $*mux and $reduce_* inputs).
3.7.5. Executing OPT_MERGE pass (detect identical cells).
3.7.6. Executing OPT_DFF pass (perform DFF optimizations).
3.7.7. Executing OPT_CLEAN pass (remove unused cells and wires).
3.7.8. Executing OPT_EXPR pass (perform const folding).
3.7.9. Rerunning OPT passes. (Maybe there is more to do..)
3.7.10. Executing OPT_MUXTREE pass (detect dead branches in mux trees).
3.7.11. Executing OPT_REDUCE pass (consolidate $*mux and $reduce_* inputs).
3.7.12. Executing OPT_MERGE pass (detect identical cells).
3.7.13. Executing OPT_DFF pass (perform DFF optimizations).
3.7.14. Executing OPT_CLEAN pass (remove unused cells and wires).
3.7.15. Executing OPT_EXPR pass (perform const folding).
3.7.16. Finished OPT passes. (There is nothing left to do.)
3.8. Executing FSM pass (extract and optimize FSM).
3.8.1. Executing FSM_DETECT pass (finding FSMs in design).
3.8.2. Executing FSM_EXTRACT pass (extracting FSM from design).
3.8.3. Executing FSM_OPT pass (simple optimizations of FSMs).
3.8.4. Executing OPT_CLEAN pass (remove unused cells and wires).
3.8.5. Executing FSM_OPT pass (simple optimizations of FSMs).
3.8.6. Executing FSM_RECODE pass (re-assigning FSM state encoding).
3.8.7. Executing FSM_INFO pass (dumping all available information on FSM cells).
3.8.8. Executing FSM_MAP pass (mapping FSMs to basic logic).
3.9. Executing OPT pass (performing simple optimizations).
3.9.1. Executing OPT_EXPR pass (perform const folding).
3.9.2. Executing OPT_MERGE pass (detect identical cells).
3.9.3. Executing OPT_MUXTREE pass (detect dead branches in mux trees).
3.9.4. Executing OPT_REDUCE pass (consolidate $*mux and $reduce_* inputs).
3.9.5. Executing OPT_MERGE pass (detect identical cells).
3.9.6. Executing OPT_DFF pass (perform DFF optimizations).
3.9.7. Executing OPT_CLEAN pass (remove unused cells and wires).
3.9.8. Executing OPT_EXPR pass (perform const folding).
3.9.9. Rerunning OPT passes. (Maybe there is more to do..)
3.9.10. Executing OPT_MUXTREE pass (detect dead branches in mux trees).
3.9.11. Executing OPT_REDUCE pass (consolidate $*mux and $reduce_* inputs).
3.9.12. Executing OPT_MERGE pass (detect identical cells).
3.9.13. Executing OPT_DFF pass (perform DFF optimizations).
3.9.14. Executing OPT_CLEAN pass (remove unused cells and wires).
3.9.15. Executing OPT_EXPR pass (perform const folding).
3.9.16. Finished OPT passes. (There is nothing left to do.)
3.10. Executing WREDUCE pass (reducing word size of cells).
3.11. Executing PEEPOPT pass (run peephole optimizers).
3.12. Executing OPT_CLEAN pass (remove unused cells and wires).
3.13. Executing ALUMACC pass (create $alu and $macc cells).
3.14. Executing SHARE pass (SAT-based resource sharing).
3.15. Executing OPT pass (performing simple optimizations).
3.15.1. Executing OPT_EXPR pass (perform const folding).
3.15.2. Executing OPT_MERGE pass (detect identical cells).
3.15.3. Executing OPT_MUXTREE pass (detect dead branches in mux trees).
3.15.4. Executing OPT_REDUCE pass (consolidate $*mux and $reduce_* inputs).
3.15.5. Executing OPT_MERGE pass (detect identical cells).
3.15.6. Executing OPT_DFF pass (perform DFF optimizations).
3.15.7. Executing OPT_CLEAN pass (remove unused cells and wires).
3.15.8. Executing OPT_EXPR pass (perform const folding).
3.15.9. Rerunning OPT passes. (Maybe there is more to do..)
3.15.10. Executing OPT_MUXTREE pass (detect dead branches in mux trees).
3.15.11. Executing OPT_REDUCE pass (consolidate $*mux and $reduce_* inputs).
3.15.12. Executing OPT_MERGE pass (detect identical cells).
3.15.13. Executing OPT_DFF pass (perform DFF optimizations).
3.15.14. Executing OPT_CLEAN pass (remove unused cells and wires).
3.15.15. Executing OPT_EXPR pass (perform const folding).
3.15.16. Finished OPT passes. (There is nothing left to do.)
3.16. Executing MEMORY pass.
3.16.1. Executing OPT_MEM pass (optimize memories).
3.16.2. Executing OPT_MEM_PRIORITY pass (removing unnecessary memory write priority relations).
3.16.3. Executing OPT_MEM_FEEDBACK pass (finding memory read-to-write feedback paths).
3.16.4. Executing MEMORY_BMUX2ROM pass (converting muxes to ROMs).
3.16.5. Executing MEMORY_DFF pass (merging $dff cells to $memrd).
3.16.6. Executing OPT_CLEAN pass (remove unused cells and wires).
3.16.7. Executing MEMORY_SHARE pass (consolidating $memrd/$memwr cells).
3.16.8. Executing OPT_MEM_WIDEN pass (optimize memories where all ports are wide).
3.16.9. Executing OPT_CLEAN pass (remove unused cells and wires).
3.16.10. Executing MEMORY_COLLECT pass (generating $mem cells).
3.17. Executing OPT_CLEAN pass (remove unused cells and wires).
4. Executing SYNTH pass.
4.1. Executing OPT pass (performing simple optimizations).
4.1.1. Executing OPT_EXPR pass (perform const folding).
4.1.2. Executing OPT_MERGE pass (detect identical cells).
4.1.3. Executing OPT_DFF pass (perform DFF optimizations).
4.1.4. Executing OPT_CLEAN pass (remove unused cells and wires).
4.1.5. Finished fast OPT passes.
4.2. Executing MEMORY_MAP pass (converting memories to logic and flip-flops).
4.3. Executing OPT pass (performing simple optimizations).
4.3.1. Executing OPT_EXPR pass (perform const folding).
4.3.2. Executing OPT_MERGE pass (detect identical cells).
4.3.3. Executing OPT_MUXTREE pass (detect dead branches in mux trees).
4.3.4. Executing OPT_REDUCE pass (consolidate $*mux and $reduce_* inputs).
4.3.5. Executing OPT_MERGE pass (detect identical cells).
4.3.6. Executing OPT_SHARE pass.
4.3.7. Executing OPT_DFF pass (perform DFF optimizations).
4.3.8. Executing OPT_CLEAN pass (remove unused cells and wires).
4.3.9. Executing OPT_EXPR pass (perform const folding).
4.3.10. Rerunning OPT passes. (Maybe there is more to do..)
4.3.11. Executing OPT_MUXTREE pass (detect dead branches in mux trees).
4.3.12. Executing OPT_REDUCE pass (consolidate $*mux and $reduce_* inputs).
4.3.13. Executing OPT_MERGE pass (detect identical cells).
4.3.14. Executing OPT_SHARE pass.
4.3.15. Executing OPT_DFF pass (perform DFF optimizations).
4.3.16. Executing OPT_CLEAN pass (remove unused cells and wires).
4.3.17. Executing OPT_EXPR pass (perform const folding).
4.3.18. Rerunning OPT passes. (Maybe there is more to do..)
4.3.19. Executing OPT_MUXTREE pass (detect dead branches in mux trees).
4.3.20. Executing OPT_REDUCE pass (consolidate $*mux and $reduce_* inputs).
4.3.21. Executing OPT_MERGE pass (detect identical cells).
4.3.22. Executing OPT_SHARE pass.
4.3.23. Executing OPT_DFF pass (perform DFF optimizations).
4.3.24. Executing OPT_CLEAN pass (remove unused cells and wires).
4.3.25. Executing OPT_EXPR pass (perform const folding).
4.3.26. Finished OPT passes. (There is nothing left to do.)
4.4. Executing TECHMAP pass (map to technology primitives).
4.4.1. Executing Verilog-2005 frontend: /usr/bin/../share/yosys/techmap.v
4.4.2. Executing Verilog-2005 frontend: /root/OpenROAD-flow-scripts/flow/platforms/common/lcu_kogge_stone.v
4.4.3. Continuing TECHMAP pass.
4.5. Executing OPT pass (performing simple optimizations).
4.5.1. Executing OPT_EXPR pass (perform const folding).
4.5.2. Executing OPT_MERGE pass (detect identical cells).
4.5.3. Executing OPT_DFF pass (perform DFF optimizations).
4.5.4. Executing OPT_CLEAN pass (remove unused cells and wires).
4.5.5. Finished fast OPT passes.
4.6. Executing HIERARCHY pass (managing design hierarchy).
4.6.1. Analyzing design hierarchy..
4.6.2. Analyzing design hierarchy..
4.7. Printing statistics.
4.8. Executing CHECK pass (checking for obvious problems).
5. Executing OPT pass (performing simple optimizations).
5.1. Executing OPT_EXPR pass (perform const folding).
5.2. Executing OPT_MERGE pass (detect identical cells).
5.3. Executing OPT_MUXTREE pass (detect dead branches in mux trees).
5.4. Executing OPT_REDUCE pass (consolidate $*mux and $reduce_* inputs).
5.5. Executing OPT_MERGE pass (detect identical cells).
5.6. Executing OPT_DFF pass (perform DFF optimizations).
5.7. Executing OPT_CLEAN pass (remove unused cells and wires).
5.8. Executing OPT_EXPR pass (perform const folding).
5.9. Rerunning OPT passes. (Maybe there is more to do..)
5.10. Executing OPT_MUXTREE pass (detect dead branches in mux trees).
5.11. Executing OPT_REDUCE pass (consolidate $*mux and $reduce_* inputs).
5.12. Executing OPT_MERGE pass (detect identical cells).
5.13. Executing OPT_DFF pass (perform DFF optimizations).
5.14. Executing OPT_CLEAN pass (remove unused cells and wires).
5.15. Executing OPT_EXPR pass (perform const folding).
5.16. Finished OPT passes. (There is nothing left to do.)
6. Executing DFFLEGALIZE pass (convert FFs to types supported by the target).
7. Executing TECHMAP pass (map to technology primitives).
7.1. Executing Verilog-2005 frontend: /root/OpenROAD-flow-scripts/flow/platforms/sky130hd/cells_latch_hd.v
7.2. Continuing TECHMAP pass.
8. Executing DFFLIBMAP pass (mapping DFF cells to sequential cells from liberty file).
8.1. Executing DFFLEGALIZE pass (convert FFs to types supported by the target).
9. Executing OPT pass (performing simple optimizations).
9.1. Executing OPT_EXPR pass (perform const folding).
9.2. Executing OPT_MERGE pass (detect identical cells).
9.3. Executing OPT_MUXTREE pass (detect dead branches in mux trees).
9.4. Executing OPT_REDUCE pass (consolidate $*mux and $reduce_* inputs).
9.5. Executing OPT_MERGE pass (detect identical cells).
9.6. Executing OPT_DFF pass (perform DFF optimizations).
9.7. Executing OPT_CLEAN pass (remove unused cells and wires).
9.8. Executing OPT_EXPR pass (perform const folding).
9.9. Finished OPT passes. (There is nothing left to do.)
10. Executing SETUNDEF pass (replace undef values with defined constants).
abc -script /root/OpenROAD-flow-scripts/flow/scripts/abc_speed.script -liberty /root/OpenROAD-flow-scripts/flow/platforms/sky130hd/lib/sky130_fd_sc_hd__tt_025C_1v80.lib -dont_use sky130_fd_sc_hd__probe_p_8 -dont_use sky130_fd_sc_hd__probec_p_8 -dont_use sky130_fd_sc_hd__lpflow_bleeder_1 -dont_use sky130_fd_sc_hd__lpflow_clkbufkapwr_1 -dont_use sky130_fd_sc_hd__lpflow_clkbufkapwr_16 -dont_use sky130_fd_sc_hd__lpflow_clkbufkapwr_2 -dont_use sky130_fd_sc_hd__lpflow_clkbufkapwr_4 -dont_use sky130_fd_sc_hd__lpflow_clkbufkapwr_8 -dont_use sky130_fd_sc_hd__lpflow_clkinvkapwr_1 -dont_use sky130_fd_sc_hd__lpflow_clkinvkapwr_16 -dont_use sky130_fd_sc_hd__lpflow_clkinvkapwr_2 -dont_use sky130_fd_sc_hd__lpflow_clkinvkapwr_4 -dont_use sky130_fd_sc_hd__lpflow_clkinvkapwr_8 -dont_use sky130_fd_sc_hd__lpflow_decapkapwr_12 -dont_use sky130_fd_sc_hd__lpflow_decapkapwr_3 -dont_use sky130_fd_sc_hd__lpflow_decapkapwr_4 -dont_use sky130_fd_sc_hd__lpflow_decapkapwr_6 -dont_use sky130_fd_sc_hd__lpflow_decapkapwr_8 -dont_use sky130_fd_sc_hd__lpflow_inputiso0n_1 -dont_use sky130_fd_sc_hd__lpflow_inputiso0p_1 -dont_use sky130_fd_sc_hd__lpflow_inputiso1n_1 -dont_use sky130_fd_sc_hd__lpflow_inputiso1p_1 -dont_use sky130_fd_sc_hd__lpflow_inputisolatch_1 -dont_use sky130_fd_sc_hd__lpflow_isobufsrc_1 -dont_use sky130_fd_sc_hd__lpflow_isobufsrc_16 -dont_use sky130_fd_sc_hd__lpflow_isobufsrc_2 -dont_use sky130_fd_sc_hd__lpflow_isobufsrc_4 -dont_use sky130_fd_sc_hd__lpflow_isobufsrc_8 -dont_use sky130_fd_sc_hd__lpflow_isobufsrckapwr_16 -dont_use sky130_fd_sc_hd__lpflow_lsbuf_lh_hl_isowell_tap_1 -dont_use sky130_fd_sc_hd__lpflow_lsbuf_lh_hl_isowell_tap_2 -dont_use sky130_fd_sc_hd__lpflow_lsbuf_lh_hl_isowell_tap_4 -dont_use sky130_fd_sc_hd__lpflow_lsbuf_lh_isowell_4 -dont_use sky130_fd_sc_hd__lpflow_lsbuf_lh_isowell_tap_1 -dont_use sky130_fd_sc_hd__lpflow_lsbuf_lh_isowell_tap_2 -dont_use sky130_fd_sc_hd__lpflow_lsbuf_lh_isowell_tap_4 -constr ./objects/sky130hd/conv5x5_pe/base/abc.constr -D 10.0
11. Executing ABC pass (technology mapping using ABC).
11.1. Extracting gate netlist of module `\conv5x5_pe' to `<abc-temp-dir>/input.blif'..
11.1.1. Executing ABC.
11.1.2. Re-integrating ABC results.
Took 31 seconds: abc -script /root/OpenROAD-flow-scripts/flow/scripts/abc_speed.script -liberty /root/OpenROAD-flow-scripts/flow/platforms/sky130hd/lib/sky130_fd_sc_hd__tt_025C_1v80.lib -dont_use sky130_fd_sc_hd__probe_p_8 -dont_use sky130_fd_sc_hd__probec_p_8 -dont_use sky130_fd_sc_hd__lpflow_bleeder_1 -dont_use sky130_fd_sc_hd__lpflow_clkbufkapwr_1 -dont_use sky130_fd_sc_hd__lpflow_clkbufkapwr_16 -dont_use sky130_fd_sc_hd__lpflow_clkbufkapwr_2 -dont_use sky130_fd_sc_hd__lpflow_clkbufkapwr_4 -dont_use sky130_fd_sc_hd__lpflow_clkbufkapwr_8 -dont_use sky130_fd_sc_hd__lpflow_clkinvkapwr_1 -dont_use sky130_fd_sc_hd__lpflow_clkinvkapwr_16 -dont_use sky130_fd_sc_hd__lpflow_clkinvkapwr_2 -dont_use sky130_fd_sc_hd__lpflow_clkinvkapwr_4 -dont_use sky130_fd_sc_hd__lpflow_clkinvkapwr_8 -dont_use sky130_fd_sc_hd__lpflow_decapkapwr_12 -dont_use sky130_fd_sc_hd__lpflow_decapkapwr_3 -dont_use sky130_fd_sc_hd__lpflow_decapkapwr_4 -dont_use sky130_fd_sc_hd__lpflow_decapkapwr_6 -dont_use sky130_fd_sc_hd__lpflow_decapkapwr_8 -dont_use sky130_fd_sc_hd__lpflow_inputiso0n_1 -dont_use sky130_fd_sc_hd__lpflow_inputiso0p_1 -dont_use sky130_fd_sc_hd__lpflow_inputiso1n_1 -dont_use sky130_fd_sc_hd__lpflow_inputiso1p_1 -dont_use sky130_fd_sc_hd__lpflow_inputisolatch_1 -dont_use sky130_fd_sc_hd__lpflow_isobufsrc_1 -dont_use sky130_fd_sc_hd__lpflow_isobufsrc_16 -dont_use sky130_fd_sc_hd__lpflow_isobufsrc_2 -dont_use sky130_fd_sc_hd__lpflow_isobufsrc_4 -dont_use sky130_fd_sc_hd__lpflow_isobufsrc_8 -dont_use sky130_fd_sc_hd__lpflow_isobufsrckapwr_16 -dont_use sky130_fd_sc_hd__lpflow_lsbuf_lh_hl_isowell_tap_1 -dont_use sky130_fd_sc_hd__lpflow_lsbuf_lh_hl_isowell_tap_2 -dont_use sky130_fd_sc_hd__lpflow_lsbuf_lh_hl_isowell_tap_4 -dont_use sky130_fd_sc_hd__lpflow_lsbuf_lh_isowell_4 -dont_use sky130_fd_sc_hd__lpflow_lsbuf_lh_isowell_tap_1 -dont_use sky130_fd_sc_hd__lpflow_lsbuf_lh_isowell_tap_2 -dont_use sky130_fd_sc_hd__lpflow_lsbuf_lh_isowell_tap_4 -constr ./objects/sky130hd/conv5x5_pe/base/abc.constr -D 10.0
12. Executing SPLITNETS pass (splitting up multi-bit signals).
13. Executing OPT_CLEAN pass (remove unused cells and wires).
14. Executing HILOMAP pass (mapping to constant drivers).
15. Executing INSBUF pass (insert buffer cells for connected wires).
16. Executing CHECK pass (checking for obvious problems).
17. Printing statistics.
18. Executing CHECK pass (checking for obvious problems).
19. Executing Verilog backend.
19.1. Executing BMUXMAP pass.
19.2. Executing DEMUXMAP pass.
End of script. Logfile hash: 5c7520f95d, CPU: user 3.10s system 0.07s, MEM: 63.78 MB peak
Yosys 0.52 (git sha1 fee39a3284c90249e1d9684cf6944ffbbcbb8f90)
Time spent: 91% 1x abc (30 sec), 2% 26x opt_clean (0 sec), ...
Elapsed time: 0:34.01[h:]min:sec. CPU time: user 33.77 sys 0.20 (99%). Peak memory: 67456KB.
Log                       Ext     Elapsed/s Peak Memory/MB sha1sum result [0:20)
1_2_yosys                 .v             34             65 d4ce9ae5382a70c49910
cp /mnt/c/Users/omar/Downloads/DR.Rania/LeNet5_ASIC_Project/synth/conv5x5_pe.sdc results/sky130hd/conv5x5_pe/base/1_2_yosys.sdc
touch -r /mnt/c/Users/omar/Downloads/DR.Rania/LeNet5_ASIC_Project/synth/conv5x5_pe.sdc results/sky130hd/conv5x5_pe/base/1_2_yosys.sdc
OpenROAD v2.0-17598-ga008522d8 
Features included (+) or not (-): +Charts +GPU +GUI +Python : None
This program is licensed under the BSD-3 license. See the LICENSE file for details.
Components of this program may be licensed under more restrictive licenses which must be honored.
[INFO ORD-0030] Using 16 thread(s).
mkdir -p ./objects/sky130hd/conv5x5_pe/base
/root/OpenROAD-flow-scripts/flow/scripts/flow.sh 1_synth synth_odb
Running synth_odb.tcl, stage 1_synth
Error: synth_odb.tcl, 3 Fatal Python error: Failed to import encodings module
Python runtime state: core initialized
ModuleNotFoundError: No module named 'encodings'

Current thread 0x0000790a597f33c0 [python3] (most recent call first):
  <no Python frame>
Elapsed time: 0:00.16[h:]min:sec. CPU time: user 0.08 sys 0.08 (95%). Peak memory: 100448KB.
make[1]: *** [Makefile:441: do-1_synth] Error 1
make: *** [Makefile:441: results/sky130hd/conv5x5_pe/base/1_synth.odb] Error 2
