
 /----------------------------------------------------------------------------\
 |  yosys -- Yosys Open SYnthesis Suite                                       |
 |  Copyright (C) 2012 - 2025  Claire Xenia Wolf <claire@yosyshq.com>         |
 |  Distributed under an ISC-like license, type "license" to see terms        |
 \----------------------------------------------------------------------------/
 Yosys 0.52 (git sha1 fee39a3284c90249e1d9684cf6944ffbbcbb8f90)

-- Executing script file `/mnt/c/Users/omar/Downloads/DR.Rania/LeNet5_ASIC_Project/asic/sta/work/requantize_5ns.ys' --

1. Executing Liberty frontend: /root/OpenROAD-flow-scripts/flow/platforms/sky130hd/lib/sky130_fd_sc_hd__tt_025C_1v80.lib
Imported 428 cell types from liberty file.

2. Executing Verilog-2005 frontend: /mnt/c/Users/omar/Downloads/DR.Rania/LeNet5_ASIC_Project/rtl/requantize.sv
Parsing SystemVerilog input from `/mnt/c/Users/omar/Downloads/DR.Rania/LeNet5_ASIC_Project/rtl/requantize.sv' to AST representation.
Generating RTLIL representation for module `\requantize'.
Successfully finished Verilog frontend.

3. Executing HIERARCHY pass (managing design hierarchy).

3.1. Analyzing design hierarchy..
Top module:  \requantize

3.2. Analyzing design hierarchy..
Top module:  \requantize
Removed 0 unused modules.

4. Executing SYNTH pass.

4.1. Executing HIERARCHY pass (managing design hierarchy).

4.1.1. Analyzing design hierarchy..
Top module:  \requantize

4.1.2. Analyzing design hierarchy..
Top module:  \requantize
Removed 0 unused modules.

4.2. Executing PROC pass (convert processes to netlists).

4.2.1. Executing PROC_CLEAN pass (remove empty switches from decision trees).
Cleaned up 0 empty switches.

4.2.2. Executing PROC_RMDEAD pass (remove dead branches from decision trees).
Marked 5 switch rules as full_case in process $proc$/mnt/c/Users/omar/Downloads/DR.Rania/LeNet5_ASIC_Project/rtl/requantize.sv:0$1 in module requantize.
Removed a total of 0 dead cases.

4.2.3. Executing PROC_PRUNE pass (remove redundant assignments in processes).
Removed 0 redundant assignments.
Promoted 5 assignments to connections.

4.2.4. Executing PROC_INIT pass (extract init attributes).

4.2.5. Executing PROC_ARST pass (detect async resets in processes).

4.2.6. Executing PROC_ROM pass (convert switches to ROMs).
Converted 0 switches.
<suppressed ~5 debug messages>

4.2.7. Executing PROC_MUX pass (convert decision trees to multiplexers).
Creating decoders for process `\requantize.$proc$/mnt/c/Users/omar/Downloads/DR.Rania/LeNet5_ASIC_Project/rtl/requantize.sv:0$1'.
     1/8: $3\data_o[7:0]
     2/8: $2\data_o[7:0]
     3/8: $1\data_o[7:0]
     4/8: $2\rounded[32:0]
     5/8: $2\magnitude[32:0]
     6/8: $1\rounded[32:0]
     7/8: $1\magnitude[32:0]
     8/8: $1\rounding_offset[32:0]

4.2.8. Executing PROC_DLATCH pass (convert process syncs to latches).
No latch inferred for signal `\requantize.\data_o' from process `\requantize.$proc$/mnt/c/Users/omar/Downloads/DR.Rania/LeNet5_ASIC_Project/rtl/requantize.sv:0$1'.
No latch inferred for signal `\requantize.\acc_ext' from process `\requantize.$proc$/mnt/c/Users/omar/Downloads/DR.Rania/LeNet5_ASIC_Project/rtl/requantize.sv:0$1'.
No latch inferred for signal `\requantize.\magnitude' from process `\requantize.$proc$/mnt/c/Users/omar/Downloads/DR.Rania/LeNet5_ASIC_Project/rtl/requantize.sv:0$1'.
No latch inferred for signal `\requantize.\rounded' from process `\requantize.$proc$/mnt/c/Users/omar/Downloads/DR.Rania/LeNet5_ASIC_Project/rtl/requantize.sv:0$1'.
No latch inferred for signal `\requantize.\rounding_offset' from process `\requantize.$proc$/mnt/c/Users/omar/Downloads/DR.Rania/LeNet5_ASIC_Project/rtl/requantize.sv:0$1'.

4.2.9. Executing PROC_DFF pass (convert process syncs to FFs).

4.2.10. Executing PROC_MEMWR pass (convert process memory writes to cells).

4.2.11. Executing PROC_CLEAN pass (remove empty switches from decision trees).
Found and cleaned up 5 empty switches in `\requantize.$proc$/mnt/c/Users/omar/Downloads/DR.Rania/LeNet5_ASIC_Project/rtl/requantize.sv:0$1'.
Removing empty process `requantize.$proc$/mnt/c/Users/omar/Downloads/DR.Rania/LeNet5_ASIC_Project/rtl/requantize.sv:0$1'.
Cleaned up 5 empty switches.

4.2.12. Executing OPT_EXPR pass (perform const folding).
Optimizing module requantize.
<suppressed ~1 debug messages>

4.3. Executing FLATTEN pass (flatten design).

4.4. Executing OPT_EXPR pass (perform const folding).
Optimizing module requantize.

4.5. Executing OPT_CLEAN pass (remove unused cells and wires).
Finding unused cells or wires in module \requantize..
Removed 4 unused cells and 34 unused wires.
<suppressed ~7 debug messages>

4.6. Executing CHECK pass (checking for obvious problems).
Checking module requantize...
Found and reported 0 problems.

4.7. Executing OPT pass (performing simple optimizations).

4.7.1. Executing OPT_EXPR pass (perform const folding).
Optimizing module requantize.

4.7.2. Executing OPT_MERGE pass (detect identical cells).
Finding identical cells in module `\requantize'.
Removed a total of 0 cells.

4.7.3. Executing OPT_MUXTREE pass (detect dead branches in mux trees).
Running muxtree optimizer on module \requantize..
  Creating internal representation of mux trees.
  Evaluating internal representation of mux trees.
  Analyzing evaluation results.
    dead port 1/2 on $mux $procmux$20.
    dead port 1/2 on $mux $procmux$23.
    dead port 1/2 on $mux $procmux$29.
    dead port 2/2 on $mux $procmux$38.
Removed 4 multiplexer ports.
<suppressed ~2 debug messages>

4.7.4. Executing OPT_REDUCE pass (consolidate $*mux and $reduce_* inputs).
  Optimizing cells in module \requantize.
Performed a total of 0 changes.

4.7.5. Executing OPT_MERGE pass (detect identical cells).
Finding identical cells in module `\requantize'.
Removed a total of 0 cells.

4.7.6. Executing OPT_DFF pass (perform DFF optimizations).

4.7.7. Executing OPT_CLEAN pass (remove unused cells and wires).
Finding unused cells or wires in module \requantize..
Removed 0 unused cells and 4 unused wires.
<suppressed ~1 debug messages>

4.7.8. Executing OPT_EXPR pass (perform const folding).
Optimizing module requantize.

4.7.9. Rerunning OPT passes. (Maybe there is more to do..)

4.7.10. Executing OPT_MUXTREE pass (detect dead branches in mux trees).
Running muxtree optimizer on module \requantize..
  Creating internal representation of mux trees.
  Evaluating internal representation of mux trees.
  Analyzing evaluation results.
Removed 0 multiplexer ports.
<suppressed ~2 debug messages>

4.7.11. Executing OPT_REDUCE pass (consolidate $*mux and $reduce_* inputs).
  Optimizing cells in module \requantize.
Performed a total of 0 changes.

4.7.12. Executing OPT_MERGE pass (detect identical cells).
Finding identical cells in module `\requantize'.
Removed a total of 0 cells.

4.7.13. Executing OPT_DFF pass (perform DFF optimizations).

4.7.14. Executing OPT_CLEAN pass (remove unused cells and wires).
Finding unused cells or wires in module \requantize..

4.7.15. Executing OPT_EXPR pass (perform const folding).
Optimizing module requantize.

4.7.16. Finished OPT passes. (There is nothing left to do.)

4.8. Executing FSM pass (extract and optimize FSM).

4.8.1. Executing FSM_DETECT pass (finding FSMs in design).

4.8.2. Executing FSM_EXTRACT pass (extracting FSM from design).

4.8.3. Executing FSM_OPT pass (simple optimizations of FSMs).

4.8.4. Executing OPT_CLEAN pass (remove unused cells and wires).
Finding unused cells or wires in module \requantize..

4.8.5. Executing FSM_OPT pass (simple optimizations of FSMs).

4.8.6. Executing FSM_RECODE pass (re-assigning FSM state encoding).

4.8.7. Executing FSM_INFO pass (dumping all available information on FSM cells).

4.8.8. Executing FSM_MAP pass (mapping FSMs to basic logic).

4.9. Executing OPT pass (performing simple optimizations).

4.9.1. Executing OPT_EXPR pass (perform const folding).
Optimizing module requantize.

4.9.2. Executing OPT_MERGE pass (detect identical cells).
Finding identical cells in module `\requantize'.
Removed a total of 0 cells.

4.9.3. Executing OPT_MUXTREE pass (detect dead branches in mux trees).
Running muxtree optimizer on module \requantize..
  Creating internal representation of mux trees.
  Evaluating internal representation of mux trees.
  Analyzing evaluation results.
Removed 0 multiplexer ports.
<suppressed ~2 debug messages>

4.9.4. Executing OPT_REDUCE pass (consolidate $*mux and $reduce_* inputs).
  Optimizing cells in module \requantize.
Performed a total of 0 changes.

4.9.5. Executing OPT_MERGE pass (detect identical cells).
Finding identical cells in module `\requantize'.
Removed a total of 0 cells.

4.9.6. Executing OPT_DFF pass (perform DFF optimizations).

4.9.7. Executing OPT_CLEAN pass (remove unused cells and wires).
Finding unused cells or wires in module \requantize..

4.9.8. Executing OPT_EXPR pass (perform const folding).
Optimizing module requantize.

4.9.9. Finished OPT passes. (There is nothing left to do.)

4.10. Executing WREDUCE pass (reducing word size of cells).
Removed top 32 bits (of 33) from port A of cell requantize.$sshl$/mnt/c/Users/omar/Downloads/DR.Rania/LeNet5_ASIC_Project/rtl/requantize.sv:32$4 ($sshl).
Removed top 1 bits (of 33) from port A of cell requantize.$ge$/mnt/c/Users/omar/Downloads/DR.Rania/LeNet5_ASIC_Project/rtl/requantize.sv:33$5 ($ge).
Removed top 31 bits (of 32) from port B of cell requantize.$ge$/mnt/c/Users/omar/Downloads/DR.Rania/LeNet5_ASIC_Project/rtl/requantize.sv:33$5 ($ge).
Removed top 1 bits (of 33) from port A of cell requantize.$add$/mnt/c/Users/omar/Downloads/DR.Rania/LeNet5_ASIC_Project/rtl/requantize.sv:34$6 ($add).
Removed top 1 bits (of 33) from port A of cell requantize.$neg$/mnt/c/Users/omar/Downloads/DR.Rania/LeNet5_ASIC_Project/rtl/requantize.sv:36$8 ($neg).
Removed top 31 bits (of 32) from port B of cell requantize.$lt$/mnt/c/Users/omar/Downloads/DR.Rania/LeNet5_ASIC_Project/rtl/requantize.sv:41$12 ($lt).
Removed top 25 bits (of 33) from port B of cell requantize.$gt$/mnt/c/Users/omar/Downloads/DR.Rania/LeNet5_ASIC_Project/rtl/requantize.sv:43$14 ($gt).
Removed top 25 bits (of 33) from port B of cell requantize.$lt$/mnt/c/Users/omar/Downloads/DR.Rania/LeNet5_ASIC_Project/rtl/requantize.sv:45$15 ($lt).

4.11. Executing PEEPOPT pass (run peephole optimizers).

4.12. Executing OPT_CLEAN pass (remove unused cells and wires).
Finding unused cells or wires in module \requantize..

4.13. Executing ALUMACC pass (create $alu and $macc cells).
Extracting $alu and $macc cells in module requantize:
  creating $macc model for $add$/mnt/c/Users/omar/Downloads/DR.Rania/LeNet5_ASIC_Project/rtl/requantize.sv:34$6 ($add).
  creating $macc model for $add$/mnt/c/Users/omar/Downloads/DR.Rania/LeNet5_ASIC_Project/rtl/requantize.sv:37$9 ($add).
  creating $macc model for $neg$/mnt/c/Users/omar/Downloads/DR.Rania/LeNet5_ASIC_Project/rtl/requantize.sv:36$8 ($neg).
  creating $macc model for $neg$/mnt/c/Users/omar/Downloads/DR.Rania/LeNet5_ASIC_Project/rtl/requantize.sv:37$11 ($neg).
  creating $macc model for $sub$/mnt/c/Users/omar/Downloads/DR.Rania/LeNet5_ASIC_Project/rtl/requantize.sv:32$3 ($sub).
  merging $macc model for $neg$/mnt/c/Users/omar/Downloads/DR.Rania/LeNet5_ASIC_Project/rtl/requantize.sv:36$8 into $add$/mnt/c/Users/omar/Downloads/DR.Rania/LeNet5_ASIC_Project/rtl/requantize.sv:37$9.
  creating $alu model for $macc $neg$/mnt/c/Users/omar/Downloads/DR.Rania/LeNet5_ASIC_Project/rtl/requantize.sv:37$11.
  creating $alu model for $macc $sub$/mnt/c/Users/omar/Downloads/DR.Rania/LeNet5_ASIC_Project/rtl/requantize.sv:32$3.
  creating $alu model for $macc $add$/mnt/c/Users/omar/Downloads/DR.Rania/LeNet5_ASIC_Project/rtl/requantize.sv:37$9.
  creating $alu model for $macc $add$/mnt/c/Users/omar/Downloads/DR.Rania/LeNet5_ASIC_Project/rtl/requantize.sv:34$6.
  creating $alu model for $ge$/mnt/c/Users/omar/Downloads/DR.Rania/LeNet5_ASIC_Project/rtl/requantize.sv:33$5 ($ge): new $alu
  creating $alu model for $gt$/mnt/c/Users/omar/Downloads/DR.Rania/LeNet5_ASIC_Project/rtl/requantize.sv:43$14 ($gt): new $alu
  creating $alu model for $lt$/mnt/c/Users/omar/Downloads/DR.Rania/LeNet5_ASIC_Project/rtl/requantize.sv:41$12 ($lt): new $alu
  creating $alu model for $lt$/mnt/c/Users/omar/Downloads/DR.Rania/LeNet5_ASIC_Project/rtl/requantize.sv:45$15 ($lt): new $alu
  creating $alu cell for $lt$/mnt/c/Users/omar/Downloads/DR.Rania/LeNet5_ASIC_Project/rtl/requantize.sv:45$15: $auto$alumacc.cc:495:replace_alu$59
  creating $alu cell for $lt$/mnt/c/Users/omar/Downloads/DR.Rania/LeNet5_ASIC_Project/rtl/requantize.sv:41$12: $auto$alumacc.cc:495:replace_alu$66
  creating $alu cell for $gt$/mnt/c/Users/omar/Downloads/DR.Rania/LeNet5_ASIC_Project/rtl/requantize.sv:43$14: $auto$alumacc.cc:495:replace_alu$73
  creating $alu cell for $ge$/mnt/c/Users/omar/Downloads/DR.Rania/LeNet5_ASIC_Project/rtl/requantize.sv:33$5: $auto$alumacc.cc:495:replace_alu$86
  creating $alu cell for $add$/mnt/c/Users/omar/Downloads/DR.Rania/LeNet5_ASIC_Project/rtl/requantize.sv:34$6: $auto$alumacc.cc:495:replace_alu$101
  creating $alu cell for $add$/mnt/c/Users/omar/Downloads/DR.Rania/LeNet5_ASIC_Project/rtl/requantize.sv:37$9: $auto$alumacc.cc:495:replace_alu$104
  creating $alu cell for $sub$/mnt/c/Users/omar/Downloads/DR.Rania/LeNet5_ASIC_Project/rtl/requantize.sv:32$3: $auto$alumacc.cc:495:replace_alu$107
  creating $alu cell for $neg$/mnt/c/Users/omar/Downloads/DR.Rania/LeNet5_ASIC_Project/rtl/requantize.sv:37$11: $auto$alumacc.cc:495:replace_alu$110
  created 8 $alu and 0 $macc cells.

4.14. Executing SHARE pass (SAT-based resource sharing).
Found 3 cells in module requantize that may be considered for resource sharing.
  Analyzing resource sharing options for $sshr$/mnt/c/Users/omar/Downloads/DR.Rania/LeNet5_ASIC_Project/rtl/requantize.sv:37$10 ($sshr):
    Found 1 activation_patterns using ctrl signal { $auto$rtlil.cc:2783:ReduceOr$100 $ne$/mnt/c/Users/omar/Downloads/DR.Rania/LeNet5_ASIC_Project/rtl/requantize.sv:31$2_Y }.
    Found 1 candidates: $sshr$/mnt/c/Users/omar/Downloads/DR.Rania/LeNet5_ASIC_Project/rtl/requantize.sv:34$7
    Analyzing resource sharing with $sshr$/mnt/c/Users/omar/Downloads/DR.Rania/LeNet5_ASIC_Project/rtl/requantize.sv:34$7 ($sshr):
      Found 1 activation_patterns using ctrl signal { $auto$rtlil.cc:2783:ReduceOr$100 $ne$/mnt/c/Users/omar/Downloads/DR.Rania/LeNet5_ASIC_Project/rtl/requantize.sv:31$2_Y }.
      Forbidden control signals for this pair of cells: { $lt$/mnt/c/Users/omar/Downloads/DR.Rania/LeNet5_ASIC_Project/rtl/requantize.sv:45$15_Y $gt$/mnt/c/Users/omar/Downloads/DR.Rania/LeNet5_ASIC_Project/rtl/requantize.sv:43$14_Y $logic_and$/mnt/c/Users/omar/Downloads/DR.Rania/LeNet5_ASIC_Project/rtl/requantize.sv:41$13_Y }
      Activation pattern for cell $sshr$/mnt/c/Users/omar/Downloads/DR.Rania/LeNet5_ASIC_Project/rtl/requantize.sv:37$10: { $auto$rtlil.cc:2783:ReduceOr$100 $ne$/mnt/c/Users/omar/Downloads/DR.Rania/LeNet5_ASIC_Project/rtl/requantize.sv:31$2_Y } = 2'01
      Activation pattern for cell $sshr$/mnt/c/Users/omar/Downloads/DR.Rania/LeNet5_ASIC_Project/rtl/requantize.sv:34$7: { $auto$rtlil.cc:2783:ReduceOr$100 $ne$/mnt/c/Users/omar/Downloads/DR.Rania/LeNet5_ASIC_Project/rtl/requantize.sv:31$2_Y } = 2'11
      Size of SAT problem: 8 cells, 630 variables, 1633 clauses
      According to the SAT solver this pair of cells can be shared.
      Activation signal for $sshr$/mnt/c/Users/omar/Downloads/DR.Rania/LeNet5_ASIC_Project/rtl/requantize.sv:37$10: $auto$share.cc:1005:make_cell_activation_logic$113
      New cell: $auto$share.cc:669:make_supercell$120 ($sshr)
  Analyzing resource sharing options for $auto$share.cc:669:make_supercell$120 ($sshr):
    Found 1 activation_patterns using ctrl signal $ne$/mnt/c/Users/omar/Downloads/DR.Rania/LeNet5_ASIC_Project/rtl/requantize.sv:31$2_Y.
    No candidates found.
  Analyzing resource sharing options for $sshl$/mnt/c/Users/omar/Downloads/DR.Rania/LeNet5_ASIC_Project/rtl/requantize.sv:32$4 ($sshl):
    Found 1 activation_patterns using ctrl signal $ne$/mnt/c/Users/omar/Downloads/DR.Rania/LeNet5_ASIC_Project/rtl/requantize.sv:31$2_Y.
    No candidates found.
Removing 2 cells in module requantize:
  Removing cell $sshr$/mnt/c/Users/omar/Downloads/DR.Rania/LeNet5_ASIC_Project/rtl/requantize.sv:34$7 ($sshr).
  Removing cell $sshr$/mnt/c/Users/omar/Downloads/DR.Rania/LeNet5_ASIC_Project/rtl/requantize.sv:37$10 ($sshr).

4.15. Executing OPT pass (performing simple optimizations).

4.15.1. Executing OPT_EXPR pass (perform const folding).
Optimizing module requantize.
<suppressed ~8 debug messages>

4.15.2. Executing OPT_MERGE pass (detect identical cells).
Finding identical cells in module `\requantize'.
<suppressed ~3 debug messages>
Removed a total of 1 cells.

4.15.3. Executing OPT_MUXTREE pass (detect dead branches in mux trees).
Running muxtree optimizer on module \requantize..
  Creating internal representation of mux trees.
  Evaluating internal representation of mux trees.
  Analyzing evaluation results.
Removed 0 multiplexer ports.
<suppressed ~3 debug messages>

4.15.4. Executing OPT_REDUCE pass (consolidate $*mux and $reduce_* inputs).
  Optimizing cells in module \requantize.
Performed a total of 0 changes.

4.15.5. Executing OPT_MERGE pass (detect identical cells).
Finding identical cells in module `\requantize'.
Removed a total of 0 cells.

4.15.6. Executing OPT_DFF pass (perform DFF optimizations).

4.15.7. Executing OPT_CLEAN pass (remove unused cells and wires).
Finding unused cells or wires in module \requantize..
Removed 3 unused cells and 20 unused wires.
<suppressed ~7 debug messages>

4.15.8. Executing OPT_EXPR pass (perform const folding).
Optimizing module requantize.

4.15.9. Rerunning OPT passes. (Maybe there is more to do..)

4.15.10. Executing OPT_MUXTREE pass (detect dead branches in mux trees).
Running muxtree optimizer on module \requantize..
  Creating internal representation of mux trees.
  Evaluating internal representation of mux trees.
  Analyzing evaluation results.
Removed 0 multiplexer ports.
<suppressed ~3 debug messages>

4.15.11. Executing OPT_REDUCE pass (consolidate $*mux and $reduce_* inputs).
  Optimizing cells in module \requantize.
Performed a total of 0 changes.

4.15.12. Executing OPT_MERGE pass (detect identical cells).
Finding identical cells in module `\requantize'.
Removed a total of 0 cells.

4.15.13. Executing OPT_DFF pass (perform DFF optimizations).

4.15.14. Executing OPT_CLEAN pass (remove unused cells and wires).
Finding unused cells or wires in module \requantize..

4.15.15. Executing OPT_EXPR pass (perform const folding).
Optimizing module requantize.

4.15.16. Finished OPT passes. (There is nothing left to do.)

4.16. Executing MEMORY pass.

4.16.1. Executing OPT_MEM pass (optimize memories).
Performed a total of 0 transformations.

4.16.2. Executing OPT_MEM_PRIORITY pass (removing unnecessary memory write priority relations).
Performed a total of 0 transformations.

4.16.3. Executing OPT_MEM_FEEDBACK pass (finding memory read-to-write feedback paths).

4.16.4. Executing MEMORY_BMUX2ROM pass (converting muxes to ROMs).

4.16.5. Executing MEMORY_DFF pass (merging $dff cells to $memrd).

4.16.6. Executing OPT_CLEAN pass (remove unused cells and wires).
Finding unused cells or wires in module \requantize..

4.16.7. Executing MEMORY_SHARE pass (consolidating $memrd/$memwr cells).

4.16.8. Executing OPT_MEM_WIDEN pass (optimize memories where all ports are wide).
Performed a total of 0 transformations.

4.16.9. Executing OPT_CLEAN pass (remove unused cells and wires).
Finding unused cells or wires in module \requantize..

4.16.10. Executing MEMORY_COLLECT pass (generating $mem cells).

4.17. Executing OPT_CLEAN pass (remove unused cells and wires).
Finding unused cells or wires in module \requantize..

4.18. Executing OPT pass (performing simple optimizations).

4.18.1. Executing OPT_EXPR pass (perform const folding).
Optimizing module requantize.
<suppressed ~1 debug messages>

4.18.2. Executing OPT_MERGE pass (detect identical cells).
Finding identical cells in module `\requantize'.
Removed a total of 0 cells.

4.18.3. Executing OPT_DFF pass (perform DFF optimizations).

4.18.4. Executing OPT_CLEAN pass (remove unused cells and wires).
Finding unused cells or wires in module \requantize..
Removed 7 unused cells and 7 unused wires.
<suppressed ~8 debug messages>

4.18.5. Finished fast OPT passes.

4.19. Executing MEMORY_MAP pass (converting memories to logic and flip-flops).

4.20. Executing OPT pass (performing simple optimizations).

4.20.1. Executing OPT_EXPR pass (perform const folding).
Optimizing module requantize.

4.20.2. Executing OPT_MERGE pass (detect identical cells).
Finding identical cells in module `\requantize'.
Removed a total of 0 cells.

4.20.3. Executing OPT_MUXTREE pass (detect dead branches in mux trees).
Running muxtree optimizer on module \requantize..
  Creating internal representation of mux trees.
  Evaluating internal representation of mux trees.
  Analyzing evaluation results.
Removed 0 multiplexer ports.
<suppressed ~3 debug messages>

4.20.4. Executing OPT_REDUCE pass (consolidate $*mux and $reduce_* inputs).
  Optimizing cells in module \requantize.
Performed a total of 0 changes.

4.20.5. Executing OPT_MERGE pass (detect identical cells).
Finding identical cells in module `\requantize'.
Removed a total of 0 cells.

4.20.6. Executing OPT_SHARE pass.
    Found cells that share an operand and can be merged by moving the $mux $auto$share.cc:662:make_supercell$117 in front of them:
        $auto$alumacc.cc:495:replace_alu$104
        $auto$alumacc.cc:495:replace_alu$101

4.20.7. Executing OPT_DFF pass (perform DFF optimizations).

4.20.8. Executing OPT_CLEAN pass (remove unused cells and wires).
Finding unused cells or wires in module \requantize..
Removed 0 unused cells and 6 unused wires.
<suppressed ~1 debug messages>

4.20.9. Executing OPT_EXPR pass (perform const folding).
Optimizing module requantize.
<suppressed ~1 debug messages>

4.20.10. Rerunning OPT passes. (Maybe there is more to do..)

4.20.11. Executing OPT_MUXTREE pass (detect dead branches in mux trees).
Running muxtree optimizer on module \requantize..
  Creating internal representation of mux trees.
  Evaluating internal representation of mux trees.
  Analyzing evaluation results.
Removed 0 multiplexer ports.
<suppressed ~3 debug messages>

4.20.12. Executing OPT_REDUCE pass (consolidate $*mux and $reduce_* inputs).
  Optimizing cells in module \requantize.
Performed a total of 0 changes.

4.20.13. Executing OPT_MERGE pass (detect identical cells).
Finding identical cells in module `\requantize'.
Removed a total of 0 cells.

4.20.14. Executing OPT_SHARE pass.

4.20.15. Executing OPT_DFF pass (perform DFF optimizations).

4.20.16. Executing OPT_CLEAN pass (remove unused cells and wires).
Finding unused cells or wires in module \requantize..
Removed 0 unused cells and 1 unused wires.
<suppressed ~1 debug messages>

4.20.17. Executing OPT_EXPR pass (perform const folding).
Optimizing module requantize.

4.20.18. Rerunning OPT passes. (Maybe there is more to do..)

4.20.19. Executing OPT_MUXTREE pass (detect dead branches in mux trees).
Running muxtree optimizer on module \requantize..
  Creating internal representation of mux trees.
  Evaluating internal representation of mux trees.
  Analyzing evaluation results.
Removed 0 multiplexer ports.
<suppressed ~3 debug messages>

4.20.20. Executing OPT_REDUCE pass (consolidate $*mux and $reduce_* inputs).
  Optimizing cells in module \requantize.
Performed a total of 0 changes.

4.20.21. Executing OPT_MERGE pass (detect identical cells).
Finding identical cells in module `\requantize'.
Removed a total of 0 cells.

4.20.22. Executing OPT_SHARE pass.

4.20.23. Executing OPT_DFF pass (perform DFF optimizations).

4.20.24. Executing OPT_CLEAN pass (remove unused cells and wires).
Finding unused cells or wires in module \requantize..

4.20.25. Executing OPT_EXPR pass (perform const folding).
Optimizing module requantize.

4.20.26. Finished OPT passes. (There is nothing left to do.)

4.21. Executing TECHMAP pass (map to technology primitives).

4.21.1. Executing Verilog-2005 frontend: /usr/bin/../share/yosys/techmap.v
Parsing Verilog input from `/usr/bin/../share/yosys/techmap.v' to AST representation.
Generating RTLIL representation for module `\_90_simplemap_bool_ops'.
Generating RTLIL representation for module `\_90_simplemap_reduce_ops'.
Generating RTLIL representation for module `\_90_simplemap_logic_ops'.
Generating RTLIL representation for module `\_90_simplemap_compare_ops'.
Generating RTLIL representation for module `\_90_simplemap_various'.
Generating RTLIL representation for module `\_90_simplemap_registers'.
Generating RTLIL representation for module `\_90_shift_ops_shr_shl_sshl_sshr'.
Generating RTLIL representation for module `\_90_shift_shiftx'.
Generating RTLIL representation for module `\_90_fa'.
Generating RTLIL representation for module `\_90_lcu_brent_kung'.
Generating RTLIL representation for module `\_90_alu'.
Generating RTLIL representation for module `\_90_macc'.
Generating RTLIL representation for module `\_90_alumacc'.
Generating RTLIL representation for module `\$__div_mod_u'.
Generating RTLIL representation for module `\$__div_mod_trunc'.
Generating RTLIL representation for module `\_90_div'.
Generating RTLIL representation for module `\_90_mod'.
Generating RTLIL representation for module `\$__div_mod_floor'.
Generating RTLIL representation for module `\_90_divfloor'.
Generating RTLIL representation for module `\_90_modfloor'.
Generating RTLIL representation for module `\_90_pow'.
Generating RTLIL representation for module `\_90_pmux'.
Generating RTLIL representation for module `\_90_demux'.
Generating RTLIL representation for module `\_90_lut'.
Successfully finished Verilog frontend.

4.21.2. Continuing TECHMAP pass.
Using extmapper simplemap for cells of type $reduce_or.
Using extmapper simplemap for cells of type $not.
Using extmapper simplemap for cells of type $or.
Using extmapper simplemap for cells of type $reduce_and.
Using extmapper simplemap for cells of type $reduce_bool.
Using template $paramod$a04dd9d4d8b430140c4ff94b50470fb380fda2a0\_90_alu for cells of type $alu.
Using template $paramod$constmap:39c199d1fe1f4af7425355ed3a4fc0d6cabbc5aa$paramod$6bf2af93bf7e0874459c17a56e24f7113abf01aa\_90_shift_ops_shr_shl_sshl_sshr for cells of type $sshl.
Using template $paramod$c919145689889b3071b5e9ebc7976635b658110f\_90_alu for cells of type $alu.
Using template $paramod$constmap:e2c7d1fb3827134d34cd6d2c9f84b34646771451$paramod$7bfa82651918cc5a58b5a53cb647200f895a1b37\_90_shift_ops_shr_shl_sshl_sshr for cells of type $sshr.
Using template $paramod$e3e2a2ae1e4d598b5e0e0be67cc1104653ecf8c1\_90_alu for cells of type $alu.
Running "alumacc" on wrapper $extern:wrap:$neg:A_SIGNED=1:A_WIDTH=33:Y_WIDTH=33:394426c56d1a028ba8fdd5469b163e04011def47.
Using template $extern:wrap:$neg:A_SIGNED=1:A_WIDTH=33:Y_WIDTH=33:394426c56d1a028ba8fdd5469b163e04011def47 for cells of type $extern:wrap:$neg:A_SIGNED=1:A_WIDTH=33:Y_WIDTH=33:394426c56d1a028ba8fdd5469b163e04011def47.
Using template $paramod$83cdc6d118f196c3d1a5d0f8674838af9a15197e\_90_alu for cells of type $alu.
Using extmapper simplemap for cells of type $logic_and.
Using extmapper simplemap for cells of type $xor.
Using template $paramod$1db4e945b9d337f0bd14f3c4dfec9c45f065bd22\_90_alu for cells of type $alu.
Using extmapper simplemap for cells of type $eq.
Using extmapper simplemap for cells of type $and.
Using template $paramod\_90_lcu_brent_kung\WIDTH=32'00000000000000000000000000000110 for cells of type $lcu.
Using extmapper simplemap for cells of type $pos.
Using template $paramod\_90_lcu_brent_kung\WIDTH=32'00000000000000000000000000100001 for cells of type $lcu.
Using template $paramod\_90_lcu_brent_kung\WIDTH=32'00000000000000000000000000011010 for cells of type $lcu.
No more expansions possible.
<suppressed ~2333 debug messages>

4.22. Executing OPT pass (performing simple optimizations).

4.22.1. Executing OPT_EXPR pass (perform const folding).
Optimizing module requantize.
<suppressed ~799 debug messages>

4.22.2. Executing OPT_MERGE pass (detect identical cells).
Finding identical cells in module `\requantize'.
<suppressed ~285 debug messages>
Removed a total of 95 cells.

4.22.3. Executing OPT_DFF pass (perform DFF optimizations).

4.22.4. Executing OPT_CLEAN pass (remove unused cells and wires).
Finding unused cells or wires in module \requantize..
Removed 133 unused cells and 539 unused wires.
<suppressed ~134 debug messages>

4.22.5. Finished fast OPT passes.

4.23. Executing ABC pass (technology mapping using ABC).

4.23.1. Extracting gate netlist of module `\requantize' to `<abc-temp-dir>/input.blif'..
Extracted 1095 gates and 1136 wires to a netlist network with 39 inputs and 8 outputs.

4.23.1.1. Executing ABC.
Running ABC command: "<yosys-exe-dir>/yosys-abc" -s -f <abc-temp-dir>/abc.script 2>&1
ABC: ABC command line: "source <abc-temp-dir>/abc.script".
ABC: 
ABC: + read_blif <abc-temp-dir>/input.blif 
ABC: + read_library <abc-temp-dir>/stdcells.genlib 
ABC: + strash 
ABC: + dretime 
ABC: + map 
ABC: + write_blif <abc-temp-dir>/output.blif 

4.23.1.2. Re-integrating ABC results.
ABC RESULTS:               AND cells:        9
ABC RESULTS:            ANDNOT cells:      162
ABC RESULTS:               MUX cells:      289
ABC RESULTS:              NAND cells:       10
ABC RESULTS:               NOR cells:       75
ABC RESULTS:               NOT cells:       89
ABC RESULTS:                OR cells:      170
ABC RESULTS:             ORNOT cells:       87
ABC RESULTS:              XNOR cells:       31
ABC RESULTS:               XOR cells:      103
ABC RESULTS:        internal signals:     1089
ABC RESULTS:           input signals:       39
ABC RESULTS:          output signals:        8
Removing temp directory.

4.24. Executing OPT pass (performing simple optimizations).

4.24.1. Executing OPT_EXPR pass (perform const folding).
Optimizing module requantize.

4.24.2. Executing OPT_MERGE pass (detect identical cells).
Finding identical cells in module `\requantize'.
<suppressed ~21 debug messages>
Removed a total of 7 cells.

4.24.3. Executing OPT_DFF pass (perform DFF optimizations).

4.24.4. Executing OPT_CLEAN pass (remove unused cells and wires).
Finding unused cells or wires in module \requantize..
Removed 0 unused cells and 323 unused wires.
<suppressed ~2 debug messages>

4.24.5. Finished fast OPT passes.

4.25. Executing HIERARCHY pass (managing design hierarchy).
Attribute `top' found on module `requantize'. Setting top module to requantize.

4.25.1. Analyzing design hierarchy..
Top module:  \requantize

4.25.2. Analyzing design hierarchy..
Top module:  \requantize
Removed 0 unused modules.

4.26. Printing statistics.

=== requantize ===

   Number of wires:               1015
   Number of wire bits:           1090
   Number of public wires:           5
   Number of public wire bits:      80
   Number of ports:                  4
   Number of port bits:             47
   Number of memories:               0
   Number of memory bits:            0
   Number of processes:              0
   Number of cells:               1018
     $_ANDNOT_                     160
     $_AND_                          9
     $_MUX_                        289
     $_NAND_                        10
     $_NOR_                         74
     $_NOT_                         89
     $_ORNOT_                       84
     $_OR_                         169
     $_XNOR_                        31
     $_XOR_                        103

4.27. Executing CHECK pass (checking for obvious problems).
Checking module requantize...
Found and reported 0 problems.

5. Executing DFFLIBMAP pass (mapping DFF cells to sequential cells from liberty file).
  cell sky130_fd_sc_hd__dfxtp_1 (noninv, pins=3, area=20.02) is a direct match for cell type $_DFF_P_.
  cell sky130_fd_sc_hd__dfrtn_1 (noninv, pins=4, area=25.02) is a direct match for cell type $_DFF_NN0_.
  cell sky130_fd_sc_hd__dfrtp_1 (noninv, pins=4, area=25.02) is a direct match for cell type $_DFF_PN0_.
  cell sky130_fd_sc_hd__dfstp_2 (noninv, pins=4, area=26.28) is a direct match for cell type $_DFF_PN1_.
  cell sky130_fd_sc_hd__edfxtp_1 (noninv, pins=4, area=30.03) is a direct match for cell type $_DFFE_PP_.
  cell sky130_fd_sc_hd__dfbbn_1 (noninv, pins=6, area=32.53) is a direct match for cell type $_DFFSR_NNN_.
  cell sky130_fd_sc_hd__dfbbp_1 (noninv, pins=6, area=32.53) is a direct match for cell type $_DFFSR_PNN_.
  final dff cell mappings:
    unmapped dff cell: $_DFF_N_
    \sky130_fd_sc_hd__dfxtp_1 _DFF_P_ (.CLK( C), .D( D), .Q( Q));
    \sky130_fd_sc_hd__dfrtn_1 _DFF_NN0_ (.CLK_N( C), .D( D), .Q( Q), .RESET_B( R));
    unmapped dff cell: $_DFF_NN1_
    unmapped dff cell: $_DFF_NP0_
    unmapped dff cell: $_DFF_NP1_
    \sky130_fd_sc_hd__dfrtp_1 _DFF_PN0_ (.CLK( C), .D( D), .Q( Q), .RESET_B( R));
    \sky130_fd_sc_hd__dfstp_2 _DFF_PN1_ (.CLK( C), .D( D), .Q( Q), .SET_B( R));
    unmapped dff cell: $_DFF_PP0_
    unmapped dff cell: $_DFF_PP1_
    unmapped dff cell: $_DFFE_NN_
    unmapped dff cell: $_DFFE_NP_
    unmapped dff cell: $_DFFE_PN_
    \sky130_fd_sc_hd__edfxtp_1 _DFFE_PP_ (.CLK( C), .D( D), .DE( E), .Q( Q));
    \sky130_fd_sc_hd__dfbbn_1 _DFFSR_NNN_ (.CLK_N( C), .D( D), .Q( Q), .Q_N(~Q), .RESET_B( R), .SET_B( S));
    unmapped dff cell: $_DFFSR_NNP_
    unmapped dff cell: $_DFFSR_NPN_
    unmapped dff cell: $_DFFSR_NPP_
    \sky130_fd_sc_hd__dfbbp_1 _DFFSR_PNN_ (.CLK( C), .D( D), .Q( Q), .Q_N(~Q), .RESET_B( R), .SET_B( S));
    unmapped dff cell: $_DFFSR_PNP_
    unmapped dff cell: $_DFFSR_PPN_
    unmapped dff cell: $_DFFSR_PPP_

5.1. Executing DFFLEGALIZE pass (convert FFs to types supported by the target).
<suppressed ~24 debug messages>
Mapping DFF cells in module `\requantize':

6. Executing ABC pass (technology mapping using ABC).

6.1. Extracting gate netlist of module `\requantize' to `<abc-temp-dir>/input.blif'..
Extracted 1018 gates and 1057 wires to a netlist network with 39 inputs and 8 outputs.

6.1.1. Executing ABC.
Running ABC command: "<yosys-exe-dir>/yosys-abc" -s -f <abc-temp-dir>/abc.script 2>&1
ABC: ABC command line: "source <abc-temp-dir>/abc.script".
ABC: 
ABC: + read_blif <abc-temp-dir>/input.blif 
ABC: + read_lib -w /root/OpenROAD-flow-scripts/flow/platforms/sky130hd/lib/sky130_fd_sc_hd__tt_025C_1v80.lib 
ABC: Parsing finished successfully.  Parsing time =     0.24 sec
ABC: Scl_LibertyReadGenlib() skipped cell "sky130_fd_sc_hd__decap_12" without logic function.
ABC: Scl_LibertyReadGenlib() skipped cell "sky130_fd_sc_hd__decap_3" without logic function.
ABC: Scl_LibertyReadGenlib() skipped cell "sky130_fd_sc_hd__decap_4" without logic function.
ABC: Scl_LibertyReadGenlib() skipped cell "sky130_fd_sc_hd__decap_6" without logic function.
ABC: Scl_LibertyReadGenlib() skipped cell "sky130_fd_sc_hd__decap_8" without logic function.
ABC: Scl_LibertyReadGenlib() skipped sequential cell "sky130_fd_sc_hd__dfbbn_1".
ABC: Scl_LibertyReadGenlib() skipped sequential cell "sky130_fd_sc_hd__dfbbn_2".
ABC: Scl_LibertyReadGenlib() skipped sequential cell "sky130_fd_sc_hd__dfbbp_1".
ABC: Scl_LibertyReadGenlib() skipped sequential cell "sky130_fd_sc_hd__dfrbp_1".
ABC: Scl_LibertyReadGenlib() skipped sequential cell "sky130_fd_sc_hd__dfrbp_2".
ABC: Scl_LibertyReadGenlib() skipped sequential cell "sky130_fd_sc_hd__dfrtn_1".
ABC: Scl_LibertyReadGenlib() skipped sequential cell "sky130_fd_sc_hd__dfrtp_1".
ABC: Scl_LibertyReadGenlib() skipped sequential cell "sky130_fd_sc_hd__dfrtp_2".
ABC: Scl_LibertyReadGenlib() skipped sequential cell "sky130_fd_sc_hd__dfrtp_4".
ABC: Scl_LibertyReadGenlib() skipped sequential cell "sky130_fd_sc_hd__dfsbp_1".
ABC: Scl_LibertyReadGenlib() skipped sequential cell "sky130_fd_sc_hd__dfsbp_2".
ABC: Scl_LibertyReadGenlib() skipped sequential cell "sky130_fd_sc_hd__dfstp_1".
ABC: Scl_LibertyReadGenlib() skipped sequential cell "sky130_fd_sc_hd__dfstp_2".
ABC: Scl_LibertyReadGenlib() skipped sequential cell "sky130_fd_sc_hd__dfstp_4".
ABC: Scl_LibertyReadGenlib() skipped sequential cell "sky130_fd_sc_hd__dfxbp_1".
ABC: Scl_LibertyReadGenlib() skipped sequential cell "sky130_fd_sc_hd__dfxbp_2".
ABC: Scl_LibertyReadGenlib() skipped sequential cell "sky130_fd_sc_hd__dfxtp_1".
ABC: Scl_LibertyReadGenlib() skipped sequential cell "sky130_fd_sc_hd__dfxtp_2".
ABC: Scl_LibertyReadGenlib() skipped sequential cell "sky130_fd_sc_hd__dfxtp_4".
ABC: Scl_LibertyReadGenlib() skipped cell "sky130_fd_sc_hd__diode_2" without logic function.
ABC: Scl_LibertyReadGenlib() skipped cell "sky130_fd_sc_hd__dlclkp_1" without logic function.
ABC: Scl_LibertyReadGenlib() skipped cell "sky130_fd_sc_hd__dlclkp_2" without logic function.
ABC: Scl_LibertyReadGenlib() skipped cell "sky130_fd_sc_hd__dlclkp_4" without logic function.
ABC: Scl_LibertyReadGenlib() skipped sequential cell "sky130_fd_sc_hd__dlrbn_1".
ABC: Scl_LibertyReadGenlib() skipped sequential cell "sky130_fd_sc_hd__dlrbn_2".
ABC: Scl_LibertyReadGenlib() skipped sequential cell "sky130_fd_sc_hd__dlrbp_1".
ABC: Scl_LibertyReadGenlib() skipped sequential cell "sky130_fd_sc_hd__dlrbp_2".
ABC: Scl_LibertyReadGenlib() skipped sequential cell "sky130_fd_sc_hd__dlrtn_1".
ABC: Scl_LibertyReadGenlib() skipped sequential cell "sky130_fd_sc_hd__dlrtn_2".
ABC: Scl_LibertyReadGenlib() skipped sequential cell "sky130_fd_sc_hd__dlrtn_4".
ABC: Scl_LibertyReadGenlib() skipped sequential cell "sky130_fd_sc_hd__dlrtp_1".
ABC: Scl_LibertyReadGenlib() skipped sequential cell "sky130_fd_sc_hd__dlrtp_2".
ABC: Scl_LibertyReadGenlib() skipped sequential cell "sky130_fd_sc_hd__dlrtp_4".
ABC: Scl_LibertyReadGenlib() skipped sequential cell "sky130_fd_sc_hd__dlxbn_1".
ABC: Scl_LibertyReadGenlib() skipped sequential cell "sky130_fd_sc_hd__dlxbn_2".
ABC: Scl_LibertyReadGenlib() skipped sequential cell "sky130_fd_sc_hd__dlxbp_1".
ABC: Scl_LibertyReadGenlib() skipped sequential cell "sky130_fd_sc_hd__dlxtn_1".
ABC: Scl_LibertyReadGenlib() skipped sequential cell "sky130_fd_sc_hd__dlxtn_2".
ABC: Scl_LibertyReadGenlib() skipped sequential cell "sky130_fd_sc_hd__dlxtn_4".
ABC: Scl_LibertyReadGenlib() skipped sequential cell "sky130_fd_sc_hd__dlxtp_1".
ABC: Scl_LibertyReadGenlib() skipped three-state cell "sky130_fd_sc_hd__ebufn_1".
ABC: Scl_LibertyReadGenlib() skipped three-state cell "sky130_fd_sc_hd__ebufn_2".
ABC: Scl_LibertyReadGenlib() skipped three-state cell "sky130_fd_sc_hd__ebufn_4".
ABC: Scl_LibertyReadGenlib() skipped three-state cell "sky130_fd_sc_hd__ebufn_8".
ABC: Scl_LibertyReadGenlib() skipped sequential cell "sky130_fd_sc_hd__edfxbp_1".
ABC: Scl_LibertyReadGenlib() skipped sequential cell "sky130_fd_sc_hd__edfxtp_1".
ABC: Scl_LibertyReadGenlib() skipped three-state cell "sky130_fd_sc_hd__einvn_0".
ABC: Scl_LibertyReadGenlib() skipped three-state cell "sky130_fd_sc_hd__einvn_1".
ABC: Scl_LibertyReadGenlib() skipped three-state cell "sky130_fd_sc_hd__einvn_2".
ABC: Scl_LibertyReadGenlib() skipped three-state cell "sky130_fd_sc_hd__einvn_4".
ABC: Scl_LibertyReadGenlib() skipped three-state cell "sky130_fd_sc_hd__einvn_8".
ABC: Scl_LibertyReadGenlib() skipped three-state cell "sky130_fd_sc_hd__einvp_1".
ABC: Scl_LibertyReadGenlib() skipped three-state cell "sky130_fd_sc_hd__einvp_2".
ABC: Scl_LibertyReadGenlib() skipped three-state cell "sky130_fd_sc_hd__einvp_4".
ABC: Scl_LibertyReadGenlib() skipped three-state cell "sky130_fd_sc_hd__einvp_8".
ABC: Scl_LibertyReadGenlib() skipped cell "sky130_fd_sc_hd__lpflow_bleeder_1" without logic function.
ABC: Scl_LibertyReadGenlib() skipped cell "sky130_fd_sc_hd__lpflow_decapkapwr_12" without logic function.
ABC: Scl_LibertyReadGenlib() skipped cell "sky130_fd_sc_hd__lpflow_decapkapwr_3" without logic function.
ABC: Scl_LibertyReadGenlib() skipped cell "sky130_fd_sc_hd__lpflow_decapkapwr_4" without logic function.
ABC: Scl_LibertyReadGenlib() skipped cell "sky130_fd_sc_hd__lpflow_decapkapwr_6" without logic function.
ABC: Scl_LibertyReadGenlib() skipped cell "sky130_fd_sc_hd__lpflow_decapkapwr_8" without logic function.
ABC: Scl_LibertyReadGenlib() skipped sequential cell "sky130_fd_sc_hd__lpflow_inputisolatch_1".
ABC: Scl_LibertyReadGenlib() skipped sequential cell "sky130_fd_sc_hd__sdfbbn_1".
ABC: Scl_LibertyReadGenlib() skipped sequential cell "sky130_fd_sc_hd__sdfbbn_2".
ABC: Scl_LibertyReadGenlib() skipped sequential cell "sky130_fd_sc_hd__sdfbbp_1".
ABC: Scl_LibertyReadGenlib() skipped sequential cell "sky130_fd_sc_hd__sdfrbp_1".
ABC: Scl_LibertyReadGenlib() skipped sequential cell "sky130_fd_sc_hd__sdfrbp_2".
ABC: Scl_LibertyReadGenlib() skipped sequential cell "sky130_fd_sc_hd__sdfrtn_1".
ABC: Scl_LibertyReadGenlib() skipped sequential cell "sky130_fd_sc_hd__sdfrtp_1".
ABC: Scl_LibertyReadGenlib() skipped sequential cell "sky130_fd_sc_hd__sdfrtp_2".
ABC: Scl_LibertyReadGenlib() skipped sequential cell "sky130_fd_sc_hd__sdfrtp_4".
ABC: Scl_LibertyReadGenlib() skipped sequential cell "sky130_fd_sc_hd__sdfsbp_1".
ABC: Scl_LibertyReadGenlib() skipped sequential cell "sky130_fd_sc_hd__sdfsbp_2".
ABC: Scl_LibertyReadGenlib() skipped sequential cell "sky130_fd_sc_hd__sdfstp_1".
ABC: Scl_LibertyReadGenlib() skipped sequential cell "sky130_fd_sc_hd__sdfstp_2".
ABC: Scl_LibertyReadGenlib() skipped sequential cell "sky130_fd_sc_hd__sdfstp_4".
ABC: Scl_LibertyReadGenlib() skipped sequential cell "sky130_fd_sc_hd__sdfxbp_1".
ABC: Scl_LibertyReadGenlib() skipped sequential cell "sky130_fd_sc_hd__sdfxbp_2".
ABC: Scl_LibertyReadGenlib() skipped sequential cell "sky130_fd_sc_hd__sdfxtp_1".
ABC: Scl_LibertyReadGenlib() skipped sequential cell "sky130_fd_sc_hd__sdfxtp_2".
ABC: Scl_LibertyReadGenlib() skipped sequential cell "sky130_fd_sc_hd__sdfxtp_4".
ABC: Scl_LibertyReadGenlib() skipped cell "sky130_fd_sc_hd__sdlclkp_1" without logic function.
ABC: Scl_LibertyReadGenlib() skipped cell "sky130_fd_sc_hd__sdlclkp_2" without logic function.
ABC: Scl_LibertyReadGenlib() skipped cell "sky130_fd_sc_hd__sdlclkp_4" without logic function.
ABC: Scl_LibertyReadGenlib() skipped sequential cell "sky130_fd_sc_hd__sedfxbp_1".
ABC: Scl_LibertyReadGenlib() skipped sequential cell "sky130_fd_sc_hd__sedfxbp_2".
ABC: Scl_LibertyReadGenlib() skipped sequential cell "sky130_fd_sc_hd__sedfxtp_1".
ABC: Scl_LibertyReadGenlib() skipped sequential cell "sky130_fd_sc_hd__sedfxtp_2".
ABC: Scl_LibertyReadGenlib() skipped sequential cell "sky130_fd_sc_hd__sedfxtp_4".
ABC: Library "sky130_fd_sc_hd__tt_025C_1v80" from "/root/OpenROAD-flow-scripts/flow/platforms/sky130hd/lib/sky130_fd_sc_hd__tt_025C_1v80.lib" has 334 cells (94 skipped: 63 seq; 13 tri-state; 18 no func; 0 dont_use).  Time =     0.40 sec
ABC: Memory =   19.81 MB. Time =     0.40 sec
ABC: Warning: Detected 9 multi-output gates (for example, "sky130_fd_sc_hd__fa_1").
ABC: + strash 
ABC: + &get -n 
ABC: + &fraig -x 
ABC: + &put 
ABC: + scorr 
ABC: Warning: The network is combinational (run "fraig" or "fraig_sweep").
ABC: + dc2 
ABC: + dretime 
ABC: + retime -o -D 5000 
ABC: + strash 
ABC: + &get -n 
ABC: + &dch -f 
ABC: + &nf -D 5000 
ABC: + &put 
ABC: + write_blif <abc-temp-dir>/output.blif 

6.1.2. Re-integrating ABC results.
ABC RESULTS:   sky130_fd_sc_hd__a211o_1 cells:        2
ABC RESULTS:   sky130_fd_sc_hd__a211oi_1 cells:        5
ABC RESULTS:   sky130_fd_sc_hd__a21o_1 cells:        7
ABC RESULTS:   sky130_fd_sc_hd__a21oi_1 cells:       62
ABC RESULTS:   sky130_fd_sc_hd__a221o_1 cells:        3
ABC RESULTS:   sky130_fd_sc_hd__a221oi_1 cells:        1
ABC RESULTS:   sky130_fd_sc_hd__a22oi_1 cells:        2
ABC RESULTS:   sky130_fd_sc_hd__a2bb2oi_1 cells:        1
ABC RESULTS:   sky130_fd_sc_hd__a311o_1 cells:        2
ABC RESULTS:   sky130_fd_sc_hd__a311oi_1 cells:        5
ABC RESULTS:   sky130_fd_sc_hd__a31oi_1 cells:       13
ABC RESULTS:   sky130_fd_sc_hd__a32o_1 cells:        1
ABC RESULTS:   sky130_fd_sc_hd__a41o_1 cells:        2
ABC RESULTS:   sky130_fd_sc_hd__a41oi_1 cells:        2
ABC RESULTS:   sky130_fd_sc_hd__and2_0 cells:       12
ABC RESULTS:   sky130_fd_sc_hd__and3_1 cells:        8
ABC RESULTS:   sky130_fd_sc_hd__and4_1 cells:        3
ABC RESULTS:   sky130_fd_sc_hd__clkinv_1 cells:       14
ABC RESULTS:   sky130_fd_sc_hd__lpflow_inputiso1p_1 cells:       10
ABC RESULTS:   sky130_fd_sc_hd__lpflow_isobufsrc_1 cells:        6
ABC RESULTS:   sky130_fd_sc_hd__maj3_1 cells:       18
ABC RESULTS:   sky130_fd_sc_hd__mux2_1 cells:        8
ABC RESULTS:   sky130_fd_sc_hd__mux2i_1 cells:       32
ABC RESULTS:   sky130_fd_sc_hd__mux4_2 cells:        2
ABC RESULTS:   sky130_fd_sc_hd__nand2_1 cells:       84
ABC RESULTS:   sky130_fd_sc_hd__nand2b_1 cells:        9
ABC RESULTS:   sky130_fd_sc_hd__nand3_1 cells:       17
ABC RESULTS:   sky130_fd_sc_hd__nand4_1 cells:        7
ABC RESULTS:   sky130_fd_sc_hd__nand4b_1 cells:        1
ABC RESULTS:   sky130_fd_sc_hd__nor2_1 cells:       91
ABC RESULTS:   sky130_fd_sc_hd__nor2b_1 cells:        2
ABC RESULTS:   sky130_fd_sc_hd__nor3_1 cells:       23
ABC RESULTS:   sky130_fd_sc_hd__nor4_1 cells:       14
ABC RESULTS:   sky130_fd_sc_hd__nor4b_1 cells:        1
ABC RESULTS:   sky130_fd_sc_hd__o211a_1 cells:        4
ABC RESULTS:   sky130_fd_sc_hd__o211ai_1 cells:        6
ABC RESULTS:   sky130_fd_sc_hd__o21a_1 cells:        3
ABC RESULTS:   sky130_fd_sc_hd__o21ai_0 cells:       60
ABC RESULTS:   sky130_fd_sc_hd__o221ai_1 cells:        1
ABC RESULTS:   sky130_fd_sc_hd__o22a_1 cells:        1
ABC RESULTS:   sky130_fd_sc_hd__o22ai_1 cells:        5
ABC RESULTS:   sky130_fd_sc_hd__o311a_1 cells:        1
ABC RESULTS:   sky130_fd_sc_hd__o311ai_0 cells:        3
ABC RESULTS:   sky130_fd_sc_hd__o31ai_1 cells:       16
ABC RESULTS:   sky130_fd_sc_hd__o41a_1 cells:        1
ABC RESULTS:   sky130_fd_sc_hd__o41ai_1 cells:        2
ABC RESULTS:   sky130_fd_sc_hd__or3_1 cells:        5
ABC RESULTS:   sky130_fd_sc_hd__or4_1 cells:        4
ABC RESULTS:   sky130_fd_sc_hd__xnor2_1 cells:       56
ABC RESULTS:   sky130_fd_sc_hd__xor2_1 cells:       49
ABC RESULTS:        internal signals:     1010
ABC RESULTS:           input signals:       39
ABC RESULTS:          output signals:        8
Removing temp directory.

7. Executing SETUNDEF pass (replace undef values with defined constants).

8. Executing OPT_CLEAN pass (remove unused cells and wires).
Finding unused cells or wires in module \requantize..
Removed 0 unused cells and 1058 unused wires.
<suppressed ~2 debug messages>

9. Executing CHECK pass (checking for obvious problems).
Checking module requantize...
Found and reported 0 problems.

10. Executing SPLITNETS pass (splitting up multi-bit signals).

11. Executing OPT_CLEAN pass (remove unused cells and wires).
Finding unused cells or wires in module \requantize..

12. Printing statistics.

=== requantize ===

   Number of wires:                683
   Number of wire bits:            726
   Number of public wires:           4
   Number of public wire bits:      47
   Number of ports:                  4
   Number of port bits:             47
   Number of memories:               0
   Number of memory bits:            0
   Number of processes:              0
   Number of cells:                687
     sky130_fd_sc_hd__a211o_1        2
     sky130_fd_sc_hd__a211oi_1       5
     sky130_fd_sc_hd__a21o_1         7
     sky130_fd_sc_hd__a21oi_1       62
     sky130_fd_sc_hd__a221o_1        3
     sky130_fd_sc_hd__a221oi_1       1
     sky130_fd_sc_hd__a22oi_1        2
     sky130_fd_sc_hd__a2bb2oi_1      1
     sky130_fd_sc_hd__a311o_1        2
     sky130_fd_sc_hd__a311oi_1       5
     sky130_fd_sc_hd__a31oi_1       13
     sky130_fd_sc_hd__a32o_1         1
     sky130_fd_sc_hd__a41o_1         2
     sky130_fd_sc_hd__a41oi_1        2
     sky130_fd_sc_hd__and2_0        12
     sky130_fd_sc_hd__and3_1         8
     sky130_fd_sc_hd__and4_1         3
     sky130_fd_sc_hd__clkinv_1      14
     sky130_fd_sc_hd__lpflow_inputiso1p_1     10
     sky130_fd_sc_hd__lpflow_isobufsrc_1      6
     sky130_fd_sc_hd__maj3_1        18
     sky130_fd_sc_hd__mux2_1         8
     sky130_fd_sc_hd__mux2i_1       32
     sky130_fd_sc_hd__mux4_2         2
     sky130_fd_sc_hd__nand2_1       84
     sky130_fd_sc_hd__nand2b_1       9
     sky130_fd_sc_hd__nand3_1       17
     sky130_fd_sc_hd__nand4_1        7
     sky130_fd_sc_hd__nand4b_1       1
     sky130_fd_sc_hd__nor2_1        91
     sky130_fd_sc_hd__nor2b_1        2
     sky130_fd_sc_hd__nor3_1        23
     sky130_fd_sc_hd__nor4_1        14
     sky130_fd_sc_hd__nor4b_1        1
     sky130_fd_sc_hd__o211a_1        4
     sky130_fd_sc_hd__o211ai_1       6
     sky130_fd_sc_hd__o21a_1         3
     sky130_fd_sc_hd__o21ai_0       60
     sky130_fd_sc_hd__o221ai_1       1
     sky130_fd_sc_hd__o22a_1         1
     sky130_fd_sc_hd__o22ai_1        5
     sky130_fd_sc_hd__o311a_1        1
     sky130_fd_sc_hd__o311ai_0       3
     sky130_fd_sc_hd__o31ai_1       16
     sky130_fd_sc_hd__o41a_1         1
     sky130_fd_sc_hd__o41ai_1        2
     sky130_fd_sc_hd__or3_1          5
     sky130_fd_sc_hd__or4_1          4
     sky130_fd_sc_hd__xnor2_1       56
     sky130_fd_sc_hd__xor2_1        49

   Chip area for module '\requantize': 4310.384000
     of which used for sequential elements: 0.000000 (0.00%)

13. Executing Verilog backend.

13.1. Executing BMUXMAP pass.

13.2. Executing DEMUXMAP pass.
Dumping module `\requantize'.

End of script. Logfile hash: c9e234812b, CPU: user 1.40s system 0.14s, MEM: 46.02 MB peak
Yosys 0.52 (git sha1 fee39a3284c90249e1d9684cf6944ffbbcbb8f90)
Time spent: 57% 2x abc (2 sec), 7% 2x read_liberty (0 sec), ...
