OpenROAD v2.0-17598-ga008522d8 
Features included (+) or not (-): +Charts +GPU +GUI +Python : None
This program is licensed under the BSD-3 license. See the LICENSE file for details.
Components of this program may be licensed under more restrictive licenses which must be honored.
[INFO ODB-0227] LEF file: /root/OpenROAD-flow-scripts/flow/platforms/sky130hd/lef/sky130_fd_sc_hd.tlef, created 13 layers, 25 vias
[INFO ODB-0227] LEF file: /root/OpenROAD-flow-scripts/flow/platforms/sky130hd/lef/sky130_fd_sc_hd_merged.lef, created 441 library cells
@@DESIGN@@ requantize @@PERIOD@@ 10
@@SETUP_BEGIN@@
Startpoint: acc_i[3] (input port clocked by core_clk)
Endpoint: data_o[2] (output port clocked by core_clk)
Path Group: core_clk
Path Type: max

    Delay      Time   Description
-------------------------------------------------------------
   0.0000    0.0000   clock core_clk (rise edge)
   0.0000    0.0000   clock network delay (ideal)
   1.0000    1.0000 v input external delay
   0.0117    1.0117 v acc_i[3] (in)
   0.5589    1.5706 v _0570_/X (sky130_fd_sc_hd__or4_1)
   0.2868    1.8575 ^ _0571_/Y (sky130_fd_sc_hd__nor4_1)
   0.5097    2.3672 v _0573_/X (sky130_fd_sc_hd__or4b_1)
   0.4563    2.8235 v _0575_/X (sky130_fd_sc_hd__or4_1)
   0.4758    3.2993 v _0576_/X (sky130_fd_sc_hd__or4_1)
   0.4409    3.7402 v _0577_/X (sky130_fd_sc_hd__or4_1)
   0.4715    4.2118 v _0578_/X (sky130_fd_sc_hd__or4_1)
   0.4409    4.6527 v _0579_/X (sky130_fd_sc_hd__or4_1)
   0.4615    5.1142 v _0580_/X (sky130_fd_sc_hd__or4_1)
   0.3505    5.4648 ^ _0581_/Y (sky130_fd_sc_hd__o31ai_1)
   0.1741    5.6389 ^ _0582_/Y (sky130_fd_sc_hd__xnor2_1)
   0.0958    5.7346 v _0587_/Y (sky130_fd_sc_hd__mux2i_1)
   0.2027    5.9373 ^ _0626_/Y (sky130_fd_sc_hd__o211ai_1)
   0.2351    6.1724 v _0694_/Y (sky130_fd_sc_hd__a31oi_1)
   0.5384    6.7108 v _0819_/X (sky130_fd_sc_hd__a2111o_1)
   0.4854    7.1963 ^ _0846_/Y (sky130_fd_sc_hd__nor4_1)
   0.2326    7.4288 v _0865_/Y (sky130_fd_sc_hd__nand4b_1)
   0.2985    7.7274 v _0878_/Y (sky130_fd_sc_hd__nand4b_1)
   0.5949    8.3222 ^ _0890_/Y (sky130_fd_sc_hd__nor4b_1)
   0.2835    8.6058 v _0897_/Y (sky130_fd_sc_hd__nand4_1)
   0.6948    9.3006 ^ _0899_/Y (sky130_fd_sc_hd__nor4_1)
   0.3458    9.6465 ^ _0904_/X (sky130_fd_sc_hd__and4b_1)
   0.1010    9.7475 v _0916_/Y (sky130_fd_sc_hd__xnor2_1)
   0.5545   10.3019 v _0957_/X (sky130_fd_sc_hd__or4_1)
   0.2623   10.5643 v _0969_/X (sky130_fd_sc_hd__a211o_1)
   0.5078   11.0721 ^ _0972_/Y (sky130_fd_sc_hd__o41ai_1)
   0.1289   11.2010 v _0980_/X (sky130_fd_sc_hd__xor2_1)
   0.0798   11.2808 ^ _0981_/Y (sky130_fd_sc_hd__nand2_1)
   0.0998   11.3806 v _0982_/Y (sky130_fd_sc_hd__o21ai_0)
   0.5060   11.8866 v _1065_/X (sky130_fd_sc_hd__o41a_1)
   0.3272   12.2138 ^ _1089_/Y (sky130_fd_sc_hd__o21ai_0)
   0.0000   12.2138 ^ data_o[2] (out)
            12.2138   data arrival time

  10.0000   10.0000   clock core_clk (rise edge)
   0.0000   10.0000   clock network delay (ideal)
  -0.2000    9.8000   clock uncertainty
   0.0000    9.8000   clock reconvergence pessimism
  -1.0000    8.8000   output external delay
             8.8000   data required time
-------------------------------------------------------------
             8.8000   data required time
           -12.2138   data arrival time
-------------------------------------------------------------
            -3.4138   slack (VIOLATED)


Startpoint: acc_i[3] (input port clocked by core_clk)
Endpoint: data_o[3] (output port clocked by core_clk)
Path Group: core_clk
Path Type: max

    Delay      Time   Description
-------------------------------------------------------------
   0.0000    0.0000   clock core_clk (rise edge)
   0.0000    0.0000   clock network delay (ideal)
   1.0000    1.0000 v input external delay
   0.0117    1.0117 v acc_i[3] (in)
   0.5589    1.5706 v _0570_/X (sky130_fd_sc_hd__or4_1)
   0.2868    1.8575 ^ _0571_/Y (sky130_fd_sc_hd__nor4_1)
   0.5097    2.3672 v _0573_/X (sky130_fd_sc_hd__or4b_1)
   0.4563    2.8235 v _0575_/X (sky130_fd_sc_hd__or4_1)
   0.4758    3.2993 v _0576_/X (sky130_fd_sc_hd__or4_1)
   0.4409    3.7402 v _0577_/X (sky130_fd_sc_hd__or4_1)
   0.4715    4.2118 v _0578_/X (sky130_fd_sc_hd__or4_1)
   0.4409    4.6527 v _0579_/X (sky130_fd_sc_hd__or4_1)
   0.4615    5.1142 v _0580_/X (sky130_fd_sc_hd__or4_1)
   0.3505    5.4648 ^ _0581_/Y (sky130_fd_sc_hd__o31ai_1)
   0.1741    5.6389 ^ _0582_/Y (sky130_fd_sc_hd__xnor2_1)
   0.0958    5.7346 v _0587_/Y (sky130_fd_sc_hd__mux2i_1)
   0.2027    5.9373 ^ _0626_/Y (sky130_fd_sc_hd__o211ai_1)
   0.2351    6.1724 v _0694_/Y (sky130_fd_sc_hd__a31oi_1)
   0.5384    6.7108 v _0819_/X (sky130_fd_sc_hd__a2111o_1)
   0.4854    7.1963 ^ _0846_/Y (sky130_fd_sc_hd__nor4_1)
   0.2326    7.4288 v _0865_/Y (sky130_fd_sc_hd__nand4b_1)
   0.2985    7.7274 v _0878_/Y (sky130_fd_sc_hd__nand4b_1)
   0.5949    8.3222 ^ _0890_/Y (sky130_fd_sc_hd__nor4b_1)
   0.2835    8.6058 v _0897_/Y (sky130_fd_sc_hd__nand4_1)
   0.6948    9.3006 ^ _0899_/Y (sky130_fd_sc_hd__nor4_1)
   0.3458    9.6465 ^ _0904_/X (sky130_fd_sc_hd__and4b_1)
   0.1010    9.7475 v _0916_/Y (sky130_fd_sc_hd__xnor2_1)
   0.5545   10.3019 v _0957_/X (sky130_fd_sc_hd__or4_1)
   0.2623   10.5643 v _0969_/X (sky130_fd_sc_hd__a211o_1)
   0.5078   11.0721 ^ _0972_/Y (sky130_fd_sc_hd__o41ai_1)
   0.1289   11.2010 v _0980_/X (sky130_fd_sc_hd__xor2_1)
   0.0798   11.2808 ^ _0981_/Y (sky130_fd_sc_hd__nand2_1)
   0.0998   11.3806 v _0982_/Y (sky130_fd_sc_hd__o21ai_0)
   0.5060   11.8866 v _1065_/X (sky130_fd_sc_hd__o41a_1)
   0.3272   12.2138 ^ _1094_/Y (sky130_fd_sc_hd__o21ai_0)
   0.0000   12.2138 ^ data_o[3] (out)
            12.2138   data arrival time

  10.0000   10.0000   clock core_clk (rise edge)
   0.0000   10.0000   clock network delay (ideal)
  -0.2000    9.8000   clock uncertainty
   0.0000    9.8000   clock reconvergence pessimism
  -1.0000    8.8000   output external delay
             8.8000   data required time
-------------------------------------------------------------
             8.8000   data required time
           -12.2138   data arrival time
-------------------------------------------------------------
            -3.4138   slack (VIOLATED)


Startpoint: acc_i[3] (input port clocked by core_clk)
Endpoint: data_o[5] (output port clocked by core_clk)
Path Group: core_clk
Path Type: max

    Delay      Time   Description
-------------------------------------------------------------
   0.0000    0.0000   clock core_clk (rise edge)
   0.0000    0.0000   clock network delay (ideal)
   1.0000    1.0000 v input external delay
   0.0117    1.0117 v acc_i[3] (in)
   0.5589    1.5706 v _0570_/X (sky130_fd_sc_hd__or4_1)
   0.2868    1.8575 ^ _0571_/Y (sky130_fd_sc_hd__nor4_1)
   0.5097    2.3672 v _0573_/X (sky130_fd_sc_hd__or4b_1)
   0.4563    2.8235 v _0575_/X (sky130_fd_sc_hd__or4_1)
   0.4758    3.2993 v _0576_/X (sky130_fd_sc_hd__or4_1)
   0.4409    3.7402 v _0577_/X (sky130_fd_sc_hd__or4_1)
   0.4715    4.2118 v _0578_/X (sky130_fd_sc_hd__or4_1)
   0.4409    4.6527 v _0579_/X (sky130_fd_sc_hd__or4_1)
   0.4615    5.1142 v _0580_/X (sky130_fd_sc_hd__or4_1)
   0.3505    5.4648 ^ _0581_/Y (sky130_fd_sc_hd__o31ai_1)
   0.1741    5.6389 ^ _0582_/Y (sky130_fd_sc_hd__xnor2_1)
   0.0958    5.7346 v _0587_/Y (sky130_fd_sc_hd__mux2i_1)
   0.2027    5.9373 ^ _0626_/Y (sky130_fd_sc_hd__o211ai_1)
   0.2351    6.1724 v _0694_/Y (sky130_fd_sc_hd__a31oi_1)
   0.5384    6.7108 v _0819_/X (sky130_fd_sc_hd__a2111o_1)
   0.4854    7.1963 ^ _0846_/Y (sky130_fd_sc_hd__nor4_1)
   0.2326    7.4288 v _0865_/Y (sky130_fd_sc_hd__nand4b_1)
   0.2985    7.7274 v _0878_/Y (sky130_fd_sc_hd__nand4b_1)
   0.5949    8.3222 ^ _0890_/Y (sky130_fd_sc_hd__nor4b_1)
   0.2835    8.6058 v _0897_/Y (sky130_fd_sc_hd__nand4_1)
   0.6948    9.3006 ^ _0899_/Y (sky130_fd_sc_hd__nor4_1)
   0.3458    9.6465 ^ _0904_/X (sky130_fd_sc_hd__and4b_1)
   0.1010    9.7475 v _0916_/Y (sky130_fd_sc_hd__xnor2_1)
   0.5545   10.3019 v _0957_/X (sky130_fd_sc_hd__or4_1)
   0.2623   10.5643 v _0969_/X (sky130_fd_sc_hd__a211o_1)
   0.5078   11.0721 ^ _0972_/Y (sky130_fd_sc_hd__o41ai_1)
   0.1289   11.2010 v _0980_/X (sky130_fd_sc_hd__xor2_1)
   0.0798   11.2808 ^ _0981_/Y (sky130_fd_sc_hd__nand2_1)
   0.0998   11.3806 v _0982_/Y (sky130_fd_sc_hd__o21ai_0)
   0.5060   11.8866 v _1065_/X (sky130_fd_sc_hd__o41a_1)
   0.3272   12.2138 ^ _1105_/Y (sky130_fd_sc_hd__o21ai_0)
   0.0000   12.2138 ^ data_o[5] (out)
            12.2138   data arrival time

  10.0000   10.0000   clock core_clk (rise edge)
   0.0000   10.0000   clock network delay (ideal)
  -0.2000    9.8000   clock uncertainty
   0.0000    9.8000   clock reconvergence pessimism
  -1.0000    8.8000   output external delay
             8.8000   data required time
-------------------------------------------------------------
             8.8000   data required time
           -12.2138   data arrival time
-------------------------------------------------------------
            -3.4138   slack (VIOLATED)


@@SETUP_END@@
@@HOLD_BEGIN@@
Startpoint: relu_en_i (input port clocked by core_clk)
Endpoint: data_o[7] (output port clocked by core_clk)
Path Group: core_clk
Path Type: min

    Delay      Time   Description
-------------------------------------------------------------
   0.0000    0.0000   clock core_clk (rise edge)
   0.0000    0.0000   clock network delay (ideal)
   1.0000    1.0000 ^ input external delay
   0.0251    1.0251 ^ relu_en_i (in)
   0.0592    1.0843 v _1111_/Y (sky130_fd_sc_hd__a31oi_1)
   0.0000    1.0843 v data_o[7] (out)
             1.0843   data arrival time

   0.0000    0.0000   clock core_clk (rise edge)
   0.0000    0.0000   clock network delay (ideal)
   0.2000    0.2000   clock uncertainty
   0.0000    0.2000   clock reconvergence pessimism
  -1.0000   -0.8000   output external delay
            -0.8000   data required time
-------------------------------------------------------------
            -0.8000   data required time
            -1.0843   data arrival time
-------------------------------------------------------------
             1.8843   slack (MET)


@@HOLD_END@@
@@WNS_BEGIN@@
worst slack -3.4138
worst slack 1.8843
tns -26.1505
@@WNS_END@@
@@POWER_BEGIN@@
Group                  Internal  Switching    Leakage      Total
                          Power      Power      Power      Power (Watts)
----------------------------------------------------------------
Sequential           0.0000e+00 0.0000e+00 0.0000e+00 0.0000e+00   0.0%
Combinational        4.4124e-05 5.3634e-05 1.2072e-09 9.7759e-05 100.0%
Clock                0.0000e+00 0.0000e+00 0.0000e+00 0.0000e+00   0.0%
Macro                0.0000e+00 0.0000e+00 0.0000e+00 0.0000e+00   0.0%
Pad                  0.0000e+00 0.0000e+00 0.0000e+00 0.0000e+00   0.0%
----------------------------------------------------------------
Total                4.4124e-05 5.3634e-05 1.2072e-09 9.7759e-05 100.0%
                          45.1%      54.9%       0.0%
@@POWER_END@@
@@AREA_BEGIN@@
Design area 3498 u^2 100% utilization.
@@AREA_END@@
@@CHECK_BEGIN@@
Startpoint: acc_i[3] (input port clocked by core_clk)
Endpoint: data_o[2] (output port clocked by core_clk)
Path Group: core_clk
Path Type: max

    Delay      Time   Description
-------------------------------------------------------------
   0.0000    0.0000   clock core_clk (rise edge)
   0.0000    0.0000   clock network delay (ideal)
   1.0000    1.0000 v input external delay
   0.0117    1.0117 v acc_i[3] (in)
   0.5589    1.5706 v _0570_/X (sky130_fd_sc_hd__or4_1)
   0.2868    1.8575 ^ _0571_/Y (sky130_fd_sc_hd__nor4_1)
   0.5097    2.3672 v _0573_/X (sky130_fd_sc_hd__or4b_1)
   0.4563    2.8235 v _0575_/X (sky130_fd_sc_hd__or4_1)
   0.4758    3.2993 v _0576_/X (sky130_fd_sc_hd__or4_1)
   0.4409    3.7402 v _0577_/X (sky130_fd_sc_hd__or4_1)
   0.4715    4.2118 v _0578_/X (sky130_fd_sc_hd__or4_1)
   0.4409    4.6527 v _0579_/X (sky130_fd_sc_hd__or4_1)
   0.4615    5.1142 v _0580_/X (sky130_fd_sc_hd__or4_1)
   0.3505    5.4648 ^ _0581_/Y (sky130_fd_sc_hd__o31ai_1)
   0.1741    5.6389 ^ _0582_/Y (sky130_fd_sc_hd__xnor2_1)
   0.0958    5.7346 v _0587_/Y (sky130_fd_sc_hd__mux2i_1)
   0.2027    5.9373 ^ _0626_/Y (sky130_fd_sc_hd__o211ai_1)
   0.2351    6.1724 v _0694_/Y (sky130_fd_sc_hd__a31oi_1)
   0.5384    6.7108 v _0819_/X (sky130_fd_sc_hd__a2111o_1)
   0.4854    7.1963 ^ _0846_/Y (sky130_fd_sc_hd__nor4_1)
   0.2326    7.4288 v _0865_/Y (sky130_fd_sc_hd__nand4b_1)
   0.2985    7.7274 v _0878_/Y (sky130_fd_sc_hd__nand4b_1)
   0.5949    8.3222 ^ _0890_/Y (sky130_fd_sc_hd__nor4b_1)
   0.2835    8.6058 v _0897_/Y (sky130_fd_sc_hd__nand4_1)
   0.6948    9.3006 ^ _0899_/Y (sky130_fd_sc_hd__nor4_1)
   0.3458    9.6465 ^ _0904_/X (sky130_fd_sc_hd__and4b_1)
   0.1010    9.7475 v _0916_/Y (sky130_fd_sc_hd__xnor2_1)
   0.5545   10.3019 v _0957_/X (sky130_fd_sc_hd__or4_1)
   0.2623   10.5643 v _0969_/X (sky130_fd_sc_hd__a211o_1)
   0.5078   11.0721 ^ _0972_/Y (sky130_fd_sc_hd__o41ai_1)
   0.1289   11.2010 v _0980_/X (sky130_fd_sc_hd__xor2_1)
   0.0798   11.2808 ^ _0981_/Y (sky130_fd_sc_hd__nand2_1)
   0.0998   11.3806 v _0982_/Y (sky130_fd_sc_hd__o21ai_0)
   0.5060   11.8866 v _1065_/X (sky130_fd_sc_hd__o41a_1)
   0.3272   12.2138 ^ _1089_/Y (sky130_fd_sc_hd__o21ai_0)
   0.0000   12.2138 ^ data_o[2] (out)
            12.2138   data arrival time

  10.0000   10.0000   clock core_clk (rise edge)
   0.0000   10.0000   clock network delay (ideal)
  -0.2000    9.8000   clock uncertainty
   0.0000    9.8000   clock reconvergence pessimism
  -1.0000    8.8000   output external delay
             8.8000   data required time
-------------------------------------------------------------
             8.8000   data required time
           -12.2138   data arrival time
-------------------------------------------------------------
            -3.4138   slack (VIOLATED)


@@CHECK_END@@
STA_DONE
